Archive member included to satisfy reference by file (symbol)

c:/program files (x86)/atmel/studio/7.0/toolchain/arm/arm-gnu-toolchain/bin/../lib/gcc/arm-none-eabi/6.3.1/thumb/v6-m\libgcc.a(_udivsi3.o)
                              src/ASF/sam0/drivers/system/clock/clock_samd21_r21_da_ha1/clock.o (__aeabi_uidiv)
c:/program files (x86)/atmel/studio/7.0/toolchain/arm/arm-gnu-toolchain/bin/../lib/gcc/arm-none-eabi/6.3.1/thumb/v6-m\libgcc.a(_dvmd_tls.o)
                              c:/program files (x86)/atmel/studio/7.0/toolchain/arm/arm-gnu-toolchain/bin/../lib/gcc/arm-none-eabi/6.3.1/thumb/v6-m\libgcc.a(_udivsi3.o) (__aeabi_idiv0)
c:/program files (x86)/atmel/studio/7.0/toolchain/arm/arm-gnu-toolchain/bin/../lib/gcc/arm-none-eabi/6.3.1/../../../../arm-none-eabi/lib/thumb/v6-m\libc_nano.a(lib_a-exit.o)
                              c:/program files (x86)/atmel/studio/7.0/toolchain/arm/arm-gnu-toolchain/bin/../lib/gcc/arm-none-eabi/6.3.1/../../../../arm-none-eabi/lib/thumb/v6-m/crt0.o (exit)
c:/program files (x86)/atmel/studio/7.0/toolchain/arm/arm-gnu-toolchain/bin/../lib/gcc/arm-none-eabi/6.3.1/../../../../arm-none-eabi/lib/thumb/v6-m\libc_nano.a(lib_a-impure.o)
                              c:/program files (x86)/atmel/studio/7.0/toolchain/arm/arm-gnu-toolchain/bin/../lib/gcc/arm-none-eabi/6.3.1/../../../../arm-none-eabi/lib/thumb/v6-m\libc_nano.a(lib_a-exit.o) (_global_impure_ptr)
c:/program files (x86)/atmel/studio/7.0/toolchain/arm/arm-gnu-toolchain/bin/../lib/gcc/arm-none-eabi/6.3.1/../../../../arm-none-eabi/lib/thumb/v6-m\libc_nano.a(lib_a-init.o)
                              c:/program files (x86)/atmel/studio/7.0/toolchain/arm/arm-gnu-toolchain/bin/../lib/gcc/arm-none-eabi/6.3.1/../../../../arm-none-eabi/lib/thumb/v6-m/crt0.o (__libc_init_array)
c:/program files (x86)/atmel/studio/7.0/toolchain/arm/arm-gnu-toolchain/bin/../lib/gcc/arm-none-eabi/6.3.1/../../../../arm-none-eabi/lib/thumb/v6-m\libc_nano.a(lib_a-memset.o)
                              c:/program files (x86)/atmel/studio/7.0/toolchain/arm/arm-gnu-toolchain/bin/../lib/gcc/arm-none-eabi/6.3.1/../../../../arm-none-eabi/lib/thumb/v6-m/crt0.o (memset)

Allocating common symbols
Common symbol       size              file

_tc_instances       0xc               src/ASF/sam0/drivers/tc/tc_interrupt.o
tc_instance         0x1c              src/ledpwm.o

Discarded input sections

 .text          0x00000000        0x0 c:/program files (x86)/atmel/studio/7.0/toolchain/arm/arm-gnu-toolchain/bin/../lib/gcc/arm-none-eabi/6.3.1/thumb/v6-m/crti.o
 .data          0x00000000        0x0 c:/program files (x86)/atmel/studio/7.0/toolchain/arm/arm-gnu-toolchain/bin/../lib/gcc/arm-none-eabi/6.3.1/thumb/v6-m/crti.o
 .bss           0x00000000        0x0 c:/program files (x86)/atmel/studio/7.0/toolchain/arm/arm-gnu-toolchain/bin/../lib/gcc/arm-none-eabi/6.3.1/thumb/v6-m/crti.o
 .data          0x00000000        0x4 c:/program files (x86)/atmel/studio/7.0/toolchain/arm/arm-gnu-toolchain/bin/../lib/gcc/arm-none-eabi/6.3.1/thumb/v6-m/crtbegin.o
 .text          0x00000000       0x78 c:/program files (x86)/atmel/studio/7.0/toolchain/arm/arm-gnu-toolchain/bin/../lib/gcc/arm-none-eabi/6.3.1/../../../../arm-none-eabi/lib/thumb/v6-m/crt0.o
 .data          0x00000000        0x0 c:/program files (x86)/atmel/studio/7.0/toolchain/arm/arm-gnu-toolchain/bin/../lib/gcc/arm-none-eabi/6.3.1/../../../../arm-none-eabi/lib/thumb/v6-m/crt0.o
 .bss           0x00000000        0x0 c:/program files (x86)/atmel/studio/7.0/toolchain/arm/arm-gnu-toolchain/bin/../lib/gcc/arm-none-eabi/6.3.1/../../../../arm-none-eabi/lib/thumb/v6-m/crt0.o
 .ARM.extab     0x00000000        0x0 c:/program files (x86)/atmel/studio/7.0/toolchain/arm/arm-gnu-toolchain/bin/../lib/gcc/arm-none-eabi/6.3.1/../../../../arm-none-eabi/lib/thumb/v6-m/crt0.o
 .ARM.exidx     0x00000000        0x8 c:/program files (x86)/atmel/studio/7.0/toolchain/arm/arm-gnu-toolchain/bin/../lib/gcc/arm-none-eabi/6.3.1/../../../../arm-none-eabi/lib/thumb/v6-m/crt0.o
 .ARM.attributes
                0x00000000       0x1b c:/program files (x86)/atmel/studio/7.0/toolchain/arm/arm-gnu-toolchain/bin/../lib/gcc/arm-none-eabi/6.3.1/../../../../arm-none-eabi/lib/thumb/v6-m/crt0.o
 .group         0x00000000        0x8 src/ASF/common2/boards/user_board/init.o
 .group         0x00000000        0x8 src/ASF/common2/boards/user_board/init.o
 .group         0x00000000        0x8 src/ASF/common2/boards/user_board/init.o
 .group         0x00000000        0x8 src/ASF/common2/boards/user_board/init.o
 .group         0x00000000        0x8 src/ASF/common2/boards/user_board/init.o
 .group         0x00000000        0x8 src/ASF/common2/boards/user_board/init.o
 .group         0x00000000        0x8 src/ASF/common2/boards/user_board/init.o
 .group         0x00000000        0x8 src/ASF/common2/boards/user_board/init.o
 .group         0x00000000        0x8 src/ASF/common2/boards/user_board/init.o
[...]
Memory Configuration

Name             Origin             Length             Attributes
rom              0x00000000         0x00040000         xr
ram              0x20000000         0x00008000         xrw
*default*        0x00000000         0xffffffff

Linker script and memory map

LOAD c:/program files (x86)/atmel/studio/7.0/toolchain/arm/arm-gnu-toolchain/bin/../lib/gcc/arm-none-eabi/6.3.1/thumb/v6-m/crti.o
LOAD c:/program files (x86)/atmel/studio/7.0/toolchain/arm/arm-gnu-toolchain/bin/../lib/gcc/arm-none-eabi/6.3.1/thumb/v6-m/crtbegin.o
LOAD c:/program files (x86)/atmel/studio/7.0/toolchain/arm/arm-gnu-toolchain/bin/../lib/gcc/arm-none-eabi/6.3.1/../../../../arm-none-eabi/lib/thumb/v6-m/crt0.o
LOAD src/ASF/common2/boards/user_board/init.o
LOAD src/ASF/common/utils/interrupt/interrupt_sam_nvic.o
LOAD src/ASF/sam0/drivers/port/port.o
LOAD src/ASF/sam0/drivers/system/clock/clock_samd21_r21_da_ha1/clock.o
LOAD src/ASF/sam0/drivers/system/clock/clock_samd21_r21_da_ha1/gclk.o
LOAD src/ASF/sam0/drivers/system/interrupt/system_interrupt.o
LOAD src/ASF/sam0/drivers/system/pinmux/pinmux.o
LOAD src/ASF/sam0/drivers/system/system.o
LOAD src/ASF/sam0/drivers/tc/tc_interrupt.o
LOAD src/ASF/sam0/drivers/tc/tc_sam_d_r_h/tc.o
LOAD src/ASF/sam0/utils/cmsis/samd21/source/gcc/startup_samd21.o
LOAD src/ASF/sam0/utils/cmsis/samd21/source/system_samd21.o
LOAD src/ASF/sam0/utils/syscalls/gcc/syscalls.o
LOAD src/ledpwm.o
LOAD src/main.o
START GROUP
LOAD ../src/ASF/thirdparty/CMSIS/Lib/GCC\libarm_cortexM0l_math.a
LOAD c:/program files (x86)/atmel/studio/7.0/toolchain/arm/arm-gnu-toolchain/bin/../lib/gcc/arm-none-eabi/6.3.1/../../../../arm-none-eabi/lib/thumb/v6-m\libm.a
END GROUP
START GROUP
LOAD c:/program files (x86)/atmel/studio/7.0/toolchain/arm/arm-gnu-toolchain/bin/../lib/gcc/arm-none-eabi/6.3.1/thumb/v6-m\libgcc.a
LOAD c:/program files (x86)/atmel/studio/7.0/toolchain/arm/arm-gnu-toolchain/bin/../lib/gcc/arm-none-eabi/6.3.1/../../../../arm-none-eabi/lib/thumb/v6-m\libc_nano.a
END GROUP
START GROUP
LOAD c:/program files (x86)/atmel/studio/7.0/toolchain/arm/arm-gnu-toolchain/bin/../lib/gcc/arm-none-eabi/6.3.1/thumb/v6-m\libgcc.a
LOAD c:/program files (x86)/atmel/studio/7.0/toolchain/arm/arm-gnu-toolchain/bin/../lib/gcc/arm-none-eabi/6.3.1/../../../../arm-none-eabi/lib/thumb/v6-m\libc_nano.a
END GROUP
LOAD c:/program files (x86)/atmel/studio/7.0/toolchain/arm/arm-gnu-toolchain/bin/../lib/gcc/arm-none-eabi/6.3.1/thumb/v6-m/crtend.o
LOAD c:/program files (x86)/atmel/studio/7.0/toolchain/arm/arm-gnu-toolchain/bin/../lib/gcc/arm-none-eabi/6.3.1/thumb/v6-m/crtn.o
                0x00002000                STACK_SIZE = DEFINED (STACK_SIZE)?STACK_SIZE:DEFINED (__stack_size__)?__stack_size__:0x2000

.text           0x00000000      0xae8
                0x00000000                . = ALIGN (0x4)
                0x00000000                _sfixed = .
 *(.vectors .vectors.*)
 .vectors       0x00000000       0xb4 src/ASF/sam0/utils/cmsis/samd21/source/gcc/startup_samd21.o
                0x00000000                exception_table
 *(.text .text.* .gnu.linkonce.t.*)
 .text          0x000000b4       0x60 c:/program files (x86)/atmel/studio/7.0/toolchain/arm/arm-gnu-toolchain/bin/../lib/gcc/arm-none-eabi/6.3.1/thumb/v6-m/crtbegin.o
 .text.system_board_init
                0x00000114        0x2 src/ASF/common2/boards/user_board/init.o
                0x00000114                board_init
                0x00000114                system_board_init
 *fill*         0x00000116        0x2 
 .text.cpu_irq_enter_critical
                0x00000118       0x40 src/ASF/common/utils/interrupt/interrupt_sam_nvic.o
                0x00000118                cpu_irq_enter_critical
 .text.cpu_irq_leave_critical
                0x00000158       0x30 src/ASF/common/utils/interrupt/interrupt_sam_nvic.o
                0x00000158                cpu_irq_leave_critical
 .text.system_clock_source_osc8m_set_config
                0x00000188       0x3c src/ASF/sam0/drivers/system/clock/clock_samd21_r21_da_ha1/clock.o
                0x00000188                system_clock_source_osc8m_set_config
 .text.system_clock_source_enable
                0x000001c4       0xa8 src/ASF/sam0/drivers/system/clock/clock_samd21_r21_da_ha1/clock.o
                0x000001c4                system_clock_source_enable
 .text.system_clock_init
                0x0000026c       0x98 src/ASF/sam0/drivers/system/clock/clock_samd21_r21_da_ha1/clock.o
                0x0000026c                system_clock_init
 .text.system_gclk_init
                0x00000304       0x24 src/ASF/sam0/drivers/system/clock/clock_samd21_r21_da_ha1/gclk.o
                0x00000304                system_gclk_init
 .text.system_gclk_gen_set_config
                0x00000328       0xb8 src/ASF/sam0/drivers/system/clock/clock_samd21_r21_da_ha1/gclk.o
                0x00000328                system_gclk_gen_set_config
 .text.system_gclk_gen_enable
                0x000003e0       0x44 src/ASF/sam0/drivers/system/clock/clock_samd21_r21_da_ha1/gclk.o
                0x000003e0                system_gclk_gen_enable
 .text.system_gclk_chan_enable
                0x00000424       0x30 src/ASF/sam0/drivers/system/clock/clock_samd21_r21_da_ha1/gclk.o
                0x00000424                system_gclk_chan_enable
 .text.system_gclk_chan_disable
                0x00000454       0x5c src/ASF/sam0/drivers/system/clock/clock_samd21_r21_da_ha1/gclk.o
                0x00000454                system_gclk_chan_disable
 .text.system_gclk_chan_set_config
                0x000004b0       0x1c src/ASF/sam0/drivers/system/clock/clock_samd21_r21_da_ha1/gclk.o
                0x000004b0                system_gclk_chan_set_config
 .text._system_pinmux_config
                0x000004cc       0xa8 src/ASF/sam0/drivers/system/pinmux/pinmux.o
 .text.system_pinmux_pin_set_config
                0x00000574       0x30 src/ASF/sam0/drivers/system/pinmux/pinmux.o
                0x00000574                system_pinmux_pin_set_config
 .text._system_dummy_init
                0x000005a4        0x2 src/ASF/sam0/drivers/system/system.o
                0x000005a4                _system_extint_init
                0x000005a4                _system_events_init
                0x000005a4                _system_dummy_init
                0x000005a4                _system_divas_init
 *fill*         0x000005a6        0x2 
 .text.system_init
                0x000005a8       0x2c src/ASF/sam0/drivers/system/system.o
                0x000005a8                system_init
 .text._tc_interrupt_handler
                0x000005d4       0x64 src/ASF/sam0/drivers/tc/tc_interrupt.o
                0x000005d4                _tc_interrupt_handler
 .text.TC3_Handler
                0x00000638       0x10 src/ASF/sam0/drivers/tc/tc_interrupt.o
                0x00000638                TC3_Handler
 .text.TC4_Handler
                0x00000648       0x10 src/ASF/sam0/drivers/tc/tc_interrupt.o
                0x00000648                TC4_Handler
 .text.TC5_Handler
                0x00000658       0x10 src/ASF/sam0/drivers/tc/tc_interrupt.o
                0x00000658                TC5_Handler
 .text._tc_get_inst_index
                0x00000668       0x38 src/ASF/sam0/drivers/tc/tc_sam_d_r_h/tc.o
                0x00000668                _tc_get_inst_index
 .text.tc_init  0x000006a0      0x23c src/ASF/sam0/drivers/tc/tc_sam_d_r_h/tc.o
                0x000006a0                tc_init
 .text.Dummy_Handler
                0x000008dc        0x2 src/ASF/sam0/utils/cmsis/samd21/source/gcc/startup_samd21.o
                0x000008dc                DMAC_Handler
                0x000008dc                HardFault_Handler
                0x000008dc                AC_Handler
                0x000008dc                SysTick_Handler
                0x000008dc                PendSV_Handler
                0x000008dc                NMI_Handler
                0x000008dc                SERCOM1_Handler
                0x000008dc                ADC_Handler
                0x000008dc                TCC1_Handler
                0x000008dc                SERCOM2_Handler
                0x000008dc                TCC0_Handler
                0x000008dc                RTC_Handler
                0x000008dc                EIC_Handler
                0x000008dc                WDT_Handler
                0x000008dc                USB_Handler
                0x000008dc                Dummy_Handler
                0x000008dc                PM_Handler
                0x000008dc                SERCOM5_Handler
                0x000008dc                SVC_Handler
                0x000008dc                TCC2_Handler
                0x000008dc                EVSYS_Handler
                0x000008dc                SERCOM3_Handler
                0x000008dc                SERCOM4_Handler
                0x000008dc                I2S_Handler
                0x000008dc                NVMCTRL_Handler
                0x000008dc                SERCOM0_Handler
                0x000008dc                DAC_Handler
                0x000008dc                PTC_Handler
                0x000008dc                SYSCTRL_Handler
 *fill*         0x000008de        0x2 
 .text.Reset_Handler
                0x000008e0       0xe4 src/ASF/sam0/utils/cmsis/samd21/source/gcc/startup_samd21.o
                0x000008e0                Reset_Handler
 .text.configure_tc
                0x000009c4       0x74 src/ledpwm.o
                0x000009c4                configure_tc
 .text.main     0x00000a38       0x18 src/main.o
                0x00000a38                main
 .text.__libc_init_array
                0x00000a50       0x48 c:/program files (x86)/atmel/studio/7.0/toolchain/arm/arm-gnu-toolchain/bin/../lib/gcc/arm-none-eabi/6.3.1/../../../../arm-none-eabi/lib/thumb/v6-m\libc_nano.a(lib_a-init.o)
                0x00000a50                __libc_init_array
 *(.glue_7t)
 .glue_7t       0x00000a98        0x0 linker stubs
 *(.glue_7)
 .glue_7        0x00000a98        0x0 linker stubs
 *(.rodata .rodata* .gnu.linkonce.r.*)
 .rodata.system_clock_source_enable
                0x00000a98       0x24 src/ASF/sam0/drivers/system/clock/clock_samd21_r21_da_ha1/clock.o
 .rodata        0x00000abc        0xc src/ASF/sam0/drivers/tc/tc_sam_d_r_h/tc.o
 *(.ARM.extab* .gnu.linkonce.armextab.*)
                0x00000ac8                . = ALIGN (0x4)
 *(.init)
 .init          0x00000ac8        0x4 c:/program files (x86)/atmel/studio/7.0/toolchain/arm/arm-gnu-toolchain/bin/../lib/gcc/arm-none-eabi/6.3.1/thumb/v6-m/crti.o
                0x00000ac8                _init
 .init          0x00000acc        0x8 c:/program files (x86)/atmel/studio/7.0/toolchain/arm/arm-gnu-toolchain/bin/../lib/gcc/arm-none-eabi/6.3.1/thumb/v6-m/crtn.o
                0x00000ad4                . = ALIGN (0x4)
                0x00000ad4                __preinit_array_start = .
 *(.preinit_array)
                0x00000ad4                __preinit_array_end = .
                0x00000ad4                . = ALIGN (0x4)
                0x00000ad4                __init_array_start = .
 *(SORT(.init_array.*))
 *(.init_array)
 .init_array    0x00000ad4        0x4 c:/program files (x86)/atmel/studio/7.0/toolchain/arm/arm-gnu-toolchain/bin/../lib/gcc/arm-none-eabi/6.3.1/thumb/v6-m/crtbegin.o
                0x00000ad8                __init_array_end = .
                0x00000ad8                . = ALIGN (0x4)
 *crtbegin.o(.ctors)
 *(EXCLUDE_FILE(*crtend.o) .ctors)
 *(SORT(.ctors.*))
 *crtend.o(.ctors)
                0x00000ad8                . = ALIGN (0x4)
 *(.fini)
 .fini          0x00000ad8        0x4 c:/program files (x86)/atmel/studio/7.0/toolchain/arm/arm-gnu-toolchain/bin/../lib/gcc/arm-none-eabi/6.3.1/thumb/v6-m/crti.o
                0x00000ad8                _fini
 .fini          0x00000adc        0x8 c:/program files (x86)/atmel/studio/7.0/toolchain/arm/arm-gnu-toolchain/bin/../lib/gcc/arm-none-eabi/6.3.1/thumb/v6-m/crtn.o
                0x00000ae4                . = ALIGN (0x4)
                0x00000ae4                __fini_array_start = .
 *(.fini_array)
 .fini_array    0x00000ae4        0x4 c:/program files (x86)/atmel/studio/7.0/toolchain/arm/arm-gnu-toolchain/bin/../lib/gcc/arm-none-eabi/6.3.1/thumb/v6-m/crtbegin.o
 *(SORT(.fini_array.*))
                0x00000ae8                __fini_array_end = .
 *crtbegin.o(.dtors)
 *(EXCLUDE_FILE(*crtend.o) .dtors)
 *(SORT(.dtors.*))
 *crtend.o(.dtors)
                0x00000ae8                . = ALIGN (0x4)
                0x00000ae8                _efixed = .
                [!provide]                PROVIDE (__exidx_start, .)

.vfp11_veneer   0x00000ae8        0x0
 .vfp11_veneer  0x00000ae8        0x0 linker stubs

.v4_bx          0x00000ae8        0x0
 .v4_bx         0x00000ae8        0x0 linker stubs

.iplt           0x00000ae8        0x0
 .iplt          0x00000ae8        0x0 c:/program files (x86)/atmel/studio/7.0/toolchain/arm/arm-gnu-toolchain/bin/../lib/gcc/arm-none-eabi/6.3.1/thumb/v6-m/crtbegin.o

.eh_frame       0x00000ae8        0x0
 .eh_frame      0x00000ae8        0x0 c:/program files (x86)/atmel/studio/7.0/toolchain/arm/arm-gnu-toolchain/bin/../lib/gcc/arm-none-eabi/6.3.1/thumb/v6-m/crtbegin.o

.rel.dyn        0x00000ae8        0x0
 .rel.iplt      0x00000ae8        0x0 c:/program files (x86)/atmel/studio/7.0/toolchain/arm/arm-gnu-toolchain/bin/../lib/gcc/arm-none-eabi/6.3.1/thumb/v6-m/crtbegin.o

.jcr            0x00000ae8        0x0
 .jcr           0x00000ae8        0x0 c:/program files (x86)/atmel/studio/7.0/toolchain/arm/arm-gnu-toolchain/bin/../lib/gcc/arm-none-eabi/6.3.1/thumb/v6-m/crtbegin.o

.igot.plt       0x00000ae8        0x0
 .igot.plt      0x00000ae8        0x0 c:/program files (x86)/atmel/studio/7.0/toolchain/arm/arm-gnu-toolchain/bin/../lib/gcc/arm-none-eabi/6.3.1/thumb/v6-m/crtbegin.o

.ARM.exidx
 *(.ARM.exidx* .gnu.linkonce.armexidx.*)
                [!provide]                PROVIDE (__exidx_end, .)
                0x00000ae8                . = ALIGN (0x4)
                0x00000ae8                _etext = .

.relocate       0x20000000        0x4 load address 0x00000ae8
                0x20000000                . = ALIGN (0x4)
                0x20000000                _srelocate = .
 *(.ramfunc .ramfunc.*)
 *(.data .data.*)
 .data.g_interrupt_enabled
                0x20000000        0x1 src/ASF/common/utils/interrupt/interrupt_sam_nvic.o
                0x20000000                g_interrupt_enabled
                0x20000004                . = ALIGN (0x4)
 *fill*         0x20000001        0x3 
                0x20000004                _erelocate = .

.bss            0x20000004       0x64 load address 0x00000aec
                0x20000004                . = ALIGN (0x4)
                0x20000004                _sbss = .
                0x20000004                _szero = .
 *(.bss .bss.*)
 .bss           0x20000004       0x1c c:/program files (x86)/atmel/studio/7.0/toolchain/arm/arm-gnu-toolchain/bin/../lib/gcc/arm-none-eabi/6.3.1/thumb/v6-m/crtbegin.o
 .bss.cpu_irq_critical_section_counter
                0x20000020        0x4 src/ASF/common/utils/interrupt/interrupt_sam_nvic.o
 .bss.cpu_irq_prev_interrupt_state
                0x20000024        0x1 src/ASF/common/utils/interrupt/interrupt_sam_nvic.o
 *fill*         0x20000025        0x3 
 .bss._system_clock_inst
                0x20000028       0x18 src/ASF/sam0/drivers/system/clock/clock_samd21_r21_da_ha1/clock.o
 *(COMMON)
 COMMON         0x20000040        0xc src/ASF/sam0/drivers/tc/tc_interrupt.o
                0x20000040                _tc_instances
 COMMON         0x2000004c       0x1c src/ledpwm.o
                0x2000004c                tc_instance
                0x20000068                . = ALIGN (0x4)
                0x20000068                _ebss = .
                0x20000068                _ezero = .

.stack          0x20000068     0x2000 load address 0x00000b50
                0x20000068                . = ALIGN (0x8)
                0x20000068                _sstack = .
                0x20002068                . = (. + STACK_SIZE)
 *fill*         0x20000068     0x2000 
                0x20002068                . = ALIGN (0x8)
                0x20002068                _estack = .
                0x20002068                . = ALIGN (0x4)
                0x20002068                _end = .
OUTPUT(ledpwmble.elf elf32-littlearm)

.ARM.attributes
                0x00000000       0x28
 .ARM.attributes
                0x00000000       0x1e c:/program files (x86)/atmel/studio/7.0/toolchain/arm/arm-gnu-toolchain/bin/../lib/gcc/arm-none-eabi/6.3.1/thumb/v6-m/crti.o
 .ARM.attributes
                0x0000001e       0x2c c:/program files (x86)/atmel/studio/7.0/toolchain/arm/arm-gnu-toolchain/bin/../lib/gcc/arm-none-eabi/6.3.1/thumb/v6-m/crtbegin.o
 .ARM.attributes
                0x0000004a       0x32 src/ASF/common2/boards/user_board/init.o
 .ARM.attributes
                0x0000007c       0x32 src/ASF/common/utils/interrupt/interrupt_sam_nvic.o
 .ARM.attributes
                0x000000ae       0x32 src/ASF/sam0/drivers/system/clock/clock_samd21_r21_da_ha1/clock.o
 .ARM.attributes
                0x000000e0       0x32 src/ASF/sam0/drivers/system/clock/clock_samd21_r21_da_ha1/gclk.o
 .ARM.attributes
                0x00000112       0x32 src/ASF/sam0/drivers/system/pinmux/pinmux.o
 .ARM.attributes
                0x00000144       0x32 src/ASF/sam0/drivers/system/system.o
 .ARM.attributes
                0x00000176       0x32 src/ASF/sam0/drivers/tc/tc_interrupt.o
 .ARM.attributes
                0x000001a8       0x32 src/ASF/sam0/drivers/tc/tc_sam_d_r_h/tc.o
 .ARM.attributes
                0x000001da       0x32 src/ASF/sam0/utils/cmsis/samd21/source/gcc/startup_samd21.o
 .ARM.attributes
                0x0000020c       0x32 src/ledpwm.o
 .ARM.attributes
                0x0000023e       0x32 src/main.o
 .ARM.attributes
                0x00000270       0x2c c:/program files (x86)/atmel/studio/7.0/toolchain/arm/arm-gnu-toolchain/bin/../lib/gcc/arm-none-eabi/6.3.1/../../../../arm-none-eabi/lib/thumb/v6-m\libc_nano.a(lib_a-init.o)
 .ARM.attributes
                0x0000029c       0x1e c:/program files (x86)/atmel/studio/7.0/toolchain/arm/arm-gnu-toolchain/bin/../lib/gcc/arm-none-eabi/6.3.1/thumb/v6-m/crtn.o

.comment        0x00000000       0x59
 .comment       0x00000000       0x59 src/ASF/common2/boards/user_board/init.o
                                 0x5a (size before relaxing)
 .comment       0x00000059       0x5a src/ASF/common/utils/interrupt/interrupt_sam_nvic.o
 .comment       0x00000059       0x5a src/ASF/sam0/drivers/system/clock/clock_samd21_r21_da_ha1/clock.o
 .comment       0x00000059       0x5a src/ASF/sam0/drivers/system/clock/clock_samd21_r21_da_ha1/gclk.o
 .comment       0x00000059       0x5a src/ASF/sam0/drivers/system/pinmux/pinmux.o
 .comment       0x00000059       0x5a src/ASF/sam0/drivers/system/system.o
 .comment       0x00000059       0x5a src/ASF/sam0/drivers/tc/tc_interrupt.o
 .comment       0x00000059       0x5a src/ASF/sam0/drivers/tc/tc_sam_d_r_h/tc.o
 .comment       0x00000059       0x5a src/ASF/sam0/utils/cmsis/samd21/source/gcc/startup_samd21.o
 .comment       0x00000059       0x5a src/ledpwm.o
 .comment       0x00000059       0x5a src/main.o

.debug_info     0x00000000    0x156aa
 .debug_info    0x00000000      0xa5c src/ASF/common2/boards/user_board/init.o
 .debug_info    0x00000a5c      0xb07 src/ASF/common/utils/interrupt/interrupt_sam_nvic.o
 .debug_info    0x00001563     0x37aa src/ASF/sam0/drivers/system/clock/clock_samd21_r21_da_ha1/clock.o
 .debug_info    0x00004d0d     0x1ec7 src/ASF/sam0/drivers/system/clock/clock_samd21_r21_da_ha1/gclk.o
 .debug_info    0x00006bd4     0x13f3 src/ASF/sam0/drivers/system/pinmux/pinmux.o
 .debug_info    0x00007fc7      0xa73 src/ASF/sam0/drivers/system/system.o
 .debug_info    0x00008a3a     0x1b4e src/ASF/sam0/drivers/tc/tc_interrupt.o
 .debug_info    0x0000a588     0x2f58 src/ASF/sam0/drivers/tc/tc_sam_d_r_h/tc.o
 .debug_info    0x0000d4e0     0x3a3f src/ASF/sam0/utils/cmsis/samd21/source/gcc/startup_samd21.o
 .debug_info    0x00010f1f     0x3cf8 src/ledpwm.o
 .debug_info    0x00014c17      0xa93 src/main.o

.debug_abbrev   0x00000000     0x202f
 .debug_abbrev  0x00000000      0x1be src/ASF/common2/boards/user_board/init.o
 .debug_abbrev  0x000001be      0x22c src/ASF/common/utils/interrupt/interrupt_sam_nvic.o
 .debug_abbrev  0x000003ea      0x465 src/ASF/sam0/drivers/system/clock/clock_samd21_r21_da_ha1/clock.o
 .debug_abbrev  0x0000084f      0x40d src/ASF/sam0/drivers/system/clock/clock_samd21_r21_da_ha1/gclk.o
 .debug_abbrev  0x00000c5c      0x361 src/ASF/sam0/drivers/system/pinmux/pinmux.o
 .debug_abbrev  0x00000fbd      0x1e1 src/ASF/sam0/drivers/system/system.o
 .debug_abbrev  0x0000119e      0x2ff src/ASF/sam0/drivers/tc/tc_interrupt.o
 .debug_abbrev  0x0000149d      0x444 src/ASF/sam0/drivers/tc/tc_sam_d_r_h/tc.o
 .debug_abbrev  0x000018e1      0x234 src/ASF/sam0/utils/cmsis/samd21/source/gcc/startup_samd21.o
 .debug_abbrev  0x00001b15      0x329 src/ledpwm.o
 .debug_abbrev  0x00001e3e      0x1f1 src/main.o

.debug_aranges  0x00000000      0x2b0
 .debug_aranges
                0x00000000       0x20 src/ASF/common2/boards/user_board/init.o
 .debug_aranges
                0x00000020       0x28 src/ASF/common/utils/interrupt/interrupt_sam_nvic.o
 .debug_aranges
                0x00000048       0x78 src/ASF/sam0/drivers/system/clock/clock_samd21_r21_da_ha1/clock.o
 .debug_aranges
                0x000000c0       0x80 src/ASF/sam0/drivers/system/clock/clock_samd21_r21_da_ha1/gclk.o
 .debug_aranges
                0x00000140       0x40 src/ASF/sam0/drivers/system/pinmux/pinmux.o
 .debug_aranges
                0x00000180       0x28 src/ASF/sam0/drivers/system/system.o
 .debug_aranges
                0x000001a8       0x48 src/ASF/sam0/drivers/tc/tc_interrupt.o
 .debug_aranges
                0x000001f0       0x58 src/ASF/sam0/drivers/tc/tc_sam_d_r_h/tc.o
 .debug_aranges
                0x00000248       0x28 src/ASF/sam0/utils/cmsis/samd21/source/gcc/startup_samd21.o
 .debug_aranges
                0x00000270       0x20 src/ledpwm.o
 .debug_aranges
                0x00000290       0x20 src/main.o

.debug_ranges   0x00000000      0x268
 .debug_ranges  0x00000000       0x10 src/ASF/common2/boards/user_board/init.o
 .debug_ranges  0x00000010       0x18 src/ASF/common/utils/interrupt/interrupt_sam_nvic.o
 .debug_ranges  0x00000028       0x68 src/ASF/sam0/drivers/system/clock/clock_samd21_r21_da_ha1/clock.o
 .debug_ranges  0x00000090       0x88 src/ASF/sam0/drivers/system/clock/clock_samd21_r21_da_ha1/gclk.o
 .debug_ranges  0x00000118       0x30 src/ASF/sam0/drivers/system/pinmux/pinmux.o
 .debug_ranges  0x00000148       0x18 src/ASF/sam0/drivers/system/system.o
 .debug_ranges  0x00000160       0x38 src/ASF/sam0/drivers/tc/tc_interrupt.o
 .debug_ranges  0x00000198       0x98 src/ASF/sam0/drivers/tc/tc_sam_d_r_h/tc.o
 .debug_ranges  0x00000230       0x18 src/ASF/sam0/utils/cmsis/samd21/source/gcc/startup_samd21.o
 .debug_ranges  0x00000248       0x10 src/ledpwm.o
 .debug_ranges  0x00000258       0x10 src/main.o

.debug_macro    0x00000000    0x1745c
 .debug_macro   0x00000000      0x5b4 src/ASF/common2/boards/user_board/init.o
 .debug_macro   0x000005b4      0x8b0 src/ASF/common2/boards/user_board/init.o
 .debug_macro   0x00000e64      0x16d src/ASF/common2/boards/user_board/init.o
 .debug_macro   0x00000fd1      0x6d7 src/ASF/common2/boards/user_board/init.o
 .debug_macro   0x000016a8       0x22 src/ASF/common2/boards/user_board/init.o
 .debug_macro   0x000016ca       0x87 src/ASF/common2/boards/user_board/init.o
 .debug_macro   0x00001751       0x51 src/ASF/common2/boards/user_board/init.o
 .debug_macro   0x000017a2       0xef src/ASF/common2/boards/user_board/init.o
 .debug_macro   0x00001891       0x6a src/ASF/common2/boards/user_board/init.o
 .debug_macro   0x000018fb      0x1df src/ASF/common2/boards/user_board/init.o
 .debug_macro   0x00001ada       0x10 src/ASF/common2/boards/user_board/init.o
 .debug_macro   0x00001aea       0x76 src/ASF/common2/boards/user_board/init.o
 .debug_macro   0x00001b60       0x16 src/ASF/common2/boards/user_board/init.o
 .debug_macro   0x00001b76      0x6db src/ASF/common2/boards/user_board/init.o
 .debug_macro   0x00002251      0xdd8 src/ASF/common2/boards/user_board/init.o
 .debug_macro   0x00003029       0x22 src/ASF/common2/boards/user_board/init.o
 .debug_macro   0x0000304b       0x40 src/ASF/common2/boards/user_board/init.o
 .debug_macro   0x0000308b       0x3a src/ASF/common2/boards/user_board/init.o
 .debug_macro   0x000030c5       0x1f src/ASF/common2/boards/user_board/init.o
 .debug_macro   0x000030e4      0x250 src/ASF/common2/boards/user_board/init.o
 .debug_macro   0x00003334      0x681 src/ASF/common2/boards/user_board/init.o
 .debug_macro   0x000039b5      0x8b5 src/ASF/common2/boards/user_board/init.o
 .debug_macro   0x0000426a      0x230 src/ASF/common2/boards/user_board/init.o
 .debug_macro   0x0000449a      0xd60 src/ASF/common2/boards/user_board/init.o
 .debug_macro   0x000051fa      0x4cb src/ASF/common2/boards/user_board/init.o
 .debug_macro   0x000056c5      0x9f8 src/ASF/common2/boards/user_board/init.o
 .debug_macro   0x000060bd      0x82b src/ASF/common2/boards/user_board/init.o
 .debug_macro   0x000068e8      0x455 src/ASF/common2/boards/user_board/init.o
 .debug_macro   0x00006d3d       0x5e src/ASF/common2/boards/user_board/init.o
 .debug_macro   0x00006d9b      0x8fd src/ASF/common2/boards/user_board/init.o
 .debug_macro   0x00007698      0x21c src/ASF/common2/boards/user_board/init.o
 .debug_macro   0x000078b4      0x95b src/ASF/common2/boards/user_board/init.o
 .debug_macro   0x0000820f       0x5e src/ASF/common2/boards/user_board/init.o
 .debug_macro   0x0000826d      0x667 src/ASF/common2/boards/user_board/init.o
 .debug_macro   0x000088d4      0x3af src/ASF/common2/boards/user_board/init.o
 .debug_macro   0x00008c83      0xc7a src/ASF/common2/boards/user_board/init.o
 .debug_macro   0x000098fd     0x1092 src/ASF/common2/boards/user_board/init.o
 .debug_macro   0x0000a98f      0xc4a src/ASF/common2/boards/user_board/init.o
 .debug_macro   0x0000b5d9      0x6ba src/ASF/common2/boards/user_board/init.o
 .debug_macro   0x0000bc93     0x1bbf src/ASF/common2/boards/user_board/init.o
 .debug_macro   0x0000d852     0x1440 src/ASF/common2/boards/user_board/init.o
 .debug_macro   0x0000ec92      0x344 src/ASF/common2/boards/user_board/init.o
 .debug_macro   0x0000efd6       0x7c src/ASF/common2/boards/user_board/init.o
 .debug_macro   0x0000f052       0xa0 src/ASF/common2/boards/user_board/init.o
 .debug_macro   0x0000f0f2       0x4c src/ASF/common2/boards/user_board/init.o
 .debug_macro   0x0000f13e       0xca src/ASF/common2/boards/user_board/init.o
 .debug_macro   0x0000f208       0x94 src/ASF/common2/boards/user_board/init.o
 .debug_macro   0x0000f29c       0x58 src/ASF/common2/boards/user_board/init.o
 .debug_macro   0x0000f2f4      0x37d src/ASF/common2/boards/user_board/init.o
 .debug_macro   0x0000f671       0x82 src/ASF/common2/boards/user_board/init.o
 .debug_macro   0x0000f6f3      0x18d src/ASF/common2/boards/user_board/init.o
 .debug_macro   0x0000f880       0xb8 src/ASF/common2/boards/user_board/init.o
 .debug_macro   0x0000f938       0xa0 src/ASF/common2/boards/user_board/init.o
 .debug_macro   0x0000f9d8       0xb8 src/ASF/common2/boards/user_board/init.o
 .debug_macro   0x0000fa90       0x1c src/ASF/common2/boards/user_board/init.o
 .debug_macro   0x0000faac       0x1c src/ASF/common2/boards/user_board/init.o
 .debug_macro   0x0000fac8       0x1c src/ASF/common2/boards/user_board/init.o
 .debug_macro   0x0000fae4       0x82 src/ASF/common2/boards/user_board/init.o
 .debug_macro   0x0000fb66      0x15a src/ASF/common2/boards/user_board/init.o
 .debug_macro   0x0000fcc0       0xdc src/ASF/common2/boards/user_board/init.o
 .debug_macro   0x0000fd9c      0x128 src/ASF/common2/boards/user_board/init.o
 .debug_macro   0x0000fec4      0x128 src/ASF/common2/boards/user_board/init.o
 .debug_macro   0x0000ffec      0x128 src/ASF/common2/boards/user_board/init.o
 .debug_macro   0x00010114      0x128 src/ASF/common2/boards/user_board/init.o
 .debug_macro   0x0001023c      0x128 src/ASF/common2/boards/user_board/init.o
 .debug_macro   0x00010364      0x128 src/ASF/common2/boards/user_board/init.o
 .debug_macro   0x0001048c      0x124 src/ASF/common2/boards/user_board/init.o
 .debug_macro   0x000105b0       0xe2 src/ASF/common2/boards/user_board/init.o
 .debug_macro   0x00010692       0xe2 src/ASF/common2/boards/user_board/init.o
 .debug_macro   0x00010774       0xe2 src/ASF/common2/boards/user_board/init.o
 .debug_macro   0x00010856      0x130 src/ASF/common2/boards/user_board/init.o
 .debug_macro   0x00010986      0x106 src/ASF/common2/boards/user_board/init.o
 .debug_macro   0x00010a8c       0xfa src/ASF/common2/boards/user_board/init.o
 .debug_macro   0x00010b86      0x40f src/ASF/common2/boards/user_board/init.o
 .debug_macro   0x00010f95       0x40 src/ASF/common2/boards/user_board/init.o
 .debug_macro   0x00010fd5      0x361 src/ASF/common2/boards/user_board/init.o
 .debug_macro   0x00011336     0x16e3 src/ASF/common2/boards/user_board/init.o
 .debug_macro   0x00012a19       0x6d src/ASF/common2/boards/user_board/init.o
 .debug_macro   0x00012a86       0x58 src/ASF/common2/boards/user_board/init.o
 .debug_macro   0x00012ade       0x35 src/ASF/common2/boards/user_board/init.o
 .debug_macro   0x00012b13       0x9c src/ASF/common2/boards/user_board/init.o
 .debug_macro   0x00012baf       0x16 src/ASF/common2/boards/user_board/init.o
 .debug_macro   0x00012bc5       0x35 src/ASF/common2/boards/user_board/init.o
 .debug_macro   0x00012bfa      0x353 src/ASF/common2/boards/user_board/init.o
 .debug_macro   0x00012f4d       0x10 src/ASF/common2/boards/user_board/init.o
 .debug_macro   0x00012f5d       0x58 src/ASF/common2/boards/user_board/init.o
 .debug_macro   0x00012fb5       0x1f src/ASF/common2/boards/user_board/init.o
 .debug_macro   0x00012fd4       0x43 src/ASF/common2/boards/user_board/init.o
 .debug_macro   0x00013017       0x20 src/ASF/common2/boards/user_board/init.o
 .debug_macro   0x00013037      0x187 src/ASF/common2/boards/user_board/init.o
 .debug_macro   0x000131be       0x10 src/ASF/common2/boards/user_board/init.o
 .debug_macro   0x000131ce       0x1c src/ASF/common2/boards/user_board/init.o
 .debug_macro   0x000131ea       0x52 src/ASF/common2/boards/user_board/init.o
 .debug_macro   0x0001323c       0x40 src/ASF/common2/boards/user_board/init.o
 .debug_macro   0x0001327c       0x10 src/ASF/common2/boards/user_board/init.o
 .debug_macro   0x0001328c       0x40 src/ASF/common2/boards/user_board/init.o
 .debug_macro   0x000132cc       0xd7 src/ASF/common2/boards/user_board/init.o
 .debug_macro   0x000133a3       0x16 src/ASF/common2/boards/user_board/init.o
 .debug_macro   0x000133b9      0x18b src/ASF/common2/boards/user_board/init.o
 .debug_macro   0x00013544       0x16 src/ASF/common2/boards/user_board/init.o
 .debug_macro   0x0001355a       0x16 src/ASF/common2/boards/user_board/init.o
 .debug_macro   0x00013570       0x29 src/ASF/common2/boards/user_board/init.o
 .debug_macro   0x00013599       0x51 src/ASF/common2/boards/user_board/init.o
 .debug_macro   0x000135ea       0x3e src/ASF/common2/boards/user_board/init.o
 .debug_macro   0x00013628      0x3df src/ASF/common2/boards/user_board/init.o
 .debug_macro   0x00013a07      0x2c3 src/ASF/common2/boards/user_board/init.o
 .debug_macro   0x00013cca       0x18 src/ASF/common2/boards/user_board/init.o
 .debug_macro   0x00013ce2       0x12 src/ASF/common2/boards/user_board/init.o
 .debug_macro   0x00013cf4       0x11 src/ASF/common2/boards/user_board/init.o
 .debug_macro   0x00013d05       0x16 src/ASF/common2/boards/user_board/init.o
 .debug_macro   0x00013d1b       0x2e src/ASF/common2/boards/user_board/init.o
 .debug_macro   0x00013d49       0x6c src/ASF/common2/boards/user_board/init.o
 .debug_macro   0x00013db5      0x4fe src/ASF/common/utils/interrupt/interrupt_sam_nvic.o
 .debug_macro   0x000142b3      0x56f src/ASF/sam0/drivers/system/clock/clock_samd21_r21_da_ha1/clock.o
 .debug_macro   0x00014822      0x298 src/ASF/sam0/drivers/system/clock/clock_samd21_r21_da_ha1/clock.o
 .debug_macro   0x00014aba      0x534 src/ASF/sam0/drivers/system/clock/clock_samd21_r21_da_ha1/gclk.o
 .debug_macro   0x00014fee      0x50e src/ASF/sam0/drivers/system/pinmux/pinmux.o
 .debug_macro   0x000154fc       0x12 src/ASF/sam0/drivers/system/pinmux/pinmux.o
 .debug_macro   0x0001550e      0x541 src/ASF/sam0/drivers/system/system.o
 .debug_macro   0x00015a4f      0x56b src/ASF/sam0/drivers/tc/tc_interrupt.o
 .debug_macro   0x00015fba       0x19 src/ASF/sam0/drivers/tc/tc_interrupt.o
 .debug_macro   0x00015fd3       0x51 src/ASF/sam0/drivers/tc/tc_interrupt.o
 .debug_macro   0x00016024      0x587 src/ASF/sam0/drivers/tc/tc_sam_d_r_h/tc.o
 .debug_macro   0x000165ab      0x2e5 src/ASF/sam0/utils/cmsis/samd21/source/gcc/startup_samd21.o
 .debug_macro   0x00016890       0x3a src/ASF/sam0/utils/cmsis/samd21/source/gcc/startup_samd21.o
 .debug_macro   0x000168ca      0x5d0 src/ledpwm.o
 .debug_macro   0x00016e9a      0x5c2 src/main.o

.debug_line     0x00000000     0x7535
 .debug_line    0x00000000      0xb53 src/ASF/common2/boards/user_board/init.o
 .debug_line    0x00000b53      0x8c5 src/ASF/common/utils/interrupt/interrupt_sam_nvic.o
 .debug_line    0x00001418      0xc48 src/ASF/sam0/drivers/system/clock/clock_samd21_r21_da_ha1/clock.o
 .debug_line    0x00002060      0xc6e src/ASF/sam0/drivers/system/clock/clock_samd21_r21_da_ha1/gclk.o
 .debug_line    0x00002cce      0x93f src/ASF/sam0/drivers/system/pinmux/pinmux.o
 .debug_line    0x0000360d      0x9e9 src/ASF/sam0/drivers/system/system.o
 .debug_line    0x00003ff6      0xa78 src/ASF/sam0/drivers/tc/tc_interrupt.o
 .debug_line    0x00004a6e      0xd8d src/ASF/sam0/drivers/tc/tc_sam_d_r_h/tc.o
 .debug_line    0x000057fb      0x644 src/ASF/sam0/utils/cmsis/samd21/source/gcc/startup_samd21.o
 .debug_line    0x00005e3f      0xb95 src/ledpwm.o
 .debug_line    0x000069d4      0xb61 src/main.o

.debug_str      0x00000000    0x85a18
 .debug_str     0x00000000    0x8031b src/ASF/common2/boards/user_board/init.o
                              0x80bae (size before relaxing)
 .debug_str     0x0008031b       0x94 src/ASF/common/utils/interrupt/interrupt_sam_nvic.o
                              0x7fdb7 (size before relaxing)
 .debug_str     0x000803af     0x2e21 src/ASF/sam0/drivers/system/clock/clock_samd21_r21_da_ha1/clock.o
                              0x82f50 (size before relaxing)
 .debug_str     0x000831d0      0x283 src/ASF/sam0/drivers/system/clock/clock_samd21_r21_da_ha1/gclk.o
                              0x80a7a (size before relaxing)
 .debug_str     0x00083453      0x462 src/ASF/sam0/drivers/system/pinmux/pinmux.o
                              0x80259 (size before relaxing)
 .debug_str     0x000838b5       0x47 src/ASF/sam0/drivers/system/system.o
                              0x7fe94 (size before relaxing)
 .debug_str     0x000838fc      0x59b src/ASF/sam0/drivers/tc/tc_interrupt.o
                              0x80b22 (size before relaxing)
 .debug_str     0x00083e97      0x585 src/ASF/sam0/drivers/tc/tc_sam_d_r_h/tc.o
                              0x8140c (size before relaxing)
 .debug_str     0x0008441c      0xf2b src/ASF/sam0/utils/cmsis/samd21/source/gcc/startup_samd21.o
                              0x6b29d (size before relaxing)
 .debug_str     0x00085347      0x6c3 src/ledpwm.o
                              0x81d11 (size before relaxing)
 .debug_str     0x00085a0a        0xe src/main.o
                              0x80ba7 (size before relaxing)

.debug_frame    0x00000000      0x5bc
 .debug_frame   0x00000000       0x20 src/ASF/common2/boards/user_board/init.o
 .debug_frame   0x00000020       0x30 src/ASF/common/utils/interrupt/interrupt_sam_nvic.o
 .debug_frame   0x00000050      0x14c src/ASF/sam0/drivers/system/clock/clock_samd21_r21_da_ha1/clock.o
 .debug_frame   0x0000019c      0x148 src/ASF/sam0/drivers/system/clock/clock_samd21_r21_da_ha1/gclk.o
 .debug_frame   0x000002e4       0x98 src/ASF/sam0/drivers/system/pinmux/pinmux.o
 .debug_frame   0x0000037c       0x38 src/ASF/sam0/drivers/system/system.o
 .debug_frame   0x000003b4       0x94 src/ASF/sam0/drivers/tc/tc_interrupt.o
 .debug_frame   0x00000448       0xb4 src/ASF/sam0/drivers/tc/tc_sam_d_r_h/tc.o
 .debug_frame   0x000004fc       0x40 src/ASF/sam0/utils/cmsis/samd21/source/gcc/startup_samd21.o
 .debug_frame   0x0000053c       0x2c src/ledpwm.o
 .debug_frame   0x00000568       0x28 src/main.o
 .debug_frame   0x00000590       0x2c c:/program files (x86)/atmel/studio/7.0/toolchain/arm/arm-gnu-toolchain/bin/../lib/gcc/arm-none-eabi/6.3.1/../../../../arm-none-eabi/lib/thumb/v6-m\libc_nano.a(lib_a-init.o)

.debug_loc      0x00000000     0x27b9
 .debug_loc     0x00000000      0xec6 src/ASF/sam0/drivers/system/clock/clock_samd21_r21_da_ha1/clock.o
 .debug_loc     0x00000ec6      0x504 src/ASF/sam0/drivers/system/clock/clock_samd21_r21_da_ha1/gclk.o
 .debug_loc     0x000013ca      0x36d src/ASF/sam0/drivers/system/pinmux/pinmux.o
 .debug_loc     0x00001737       0x20 src/ASF/sam0/drivers/system/system.o
 .debug_loc     0x00001757      0x188 src/ASF/sam0/drivers/tc/tc_interrupt.o
 .debug_loc     0x000018df      0xdfd src/ASF/sam0/drivers/tc/tc_sam_d_r_h/tc.o
 .debug_loc     0x000026dc       0x40 src/ASF/sam0/utils/cmsis/samd21/source/gcc/startup_samd21.o
 .debug_loc     0x0000271c       0x7d src/ledpwm.o
 .debug_loc     0x00002799       0x20 src/main.o

Cross Reference Table

Symbol                                            File
AC_Handler                                        src/ASF/sam0/utils/cmsis/samd21/source/gcc/startup_samd21.o
ADC_Handler                                       src/ASF/sam0/utils/cmsis/samd21/source/gcc/startup_samd21.o
DAC_Handler                                       src/ASF/sam0/utils/cmsis/samd21/source/gcc/startup_samd21.o
DMAC_Handler                                      src/ASF/sam0/utils/cmsis/samd21/source/gcc/startup_samd21.o
Dummy_Handler                                     src/ASF/sam0/utils/cmsis/samd21/source/gcc/startup_samd21.o
EIC_Handler                                       src/ASF/sam0/utils/cmsis/samd21/source/gcc/startup_samd21.o
EVSYS_Handler                                     src/ASF/sam0/utils/cmsis/samd21/source/gcc/startup_samd21.o
HardFault_Handler                                 src/ASF/sam0/utils/cmsis/samd21/source/gcc/startup_samd21.o
I2S_Handler                                       src/ASF/sam0/utils/cmsis/samd21/source/gcc/startup_samd21.o
NMI_Handler                                       src/ASF/sam0/utils/cmsis/samd21/source/gcc/startup_samd21.o
NVMCTRL_Handler                                   src/ASF/sam0/utils/cmsis/samd21/source/gcc/startup_samd21.o
PM_Handler                                        src/ASF/sam0/utils/cmsis/samd21/source/gcc/startup_samd21.o
PTC_Handler                                       src/ASF/sam0/utils/cmsis/samd21/source/gcc/startup_samd21.o
PendSV_Handler                                    src/ASF/sam0/utils/cmsis/samd21/source/gcc/startup_samd21.o
RTC_Handler                                       src/ASF/sam0/utils/cmsis/samd21/source/gcc/startup_samd21.o
Reset_Handler                                     src/ASF/sam0/utils/cmsis/samd21/source/gcc/startup_samd21.o
SERCOM0_Handler                                   src/ASF/sam0/utils/cmsis/samd21/source/gcc/startup_samd21.o
SERCOM1_Handler                                   src/ASF/sam0/utils/cmsis/samd21/source/gcc/startup_samd21.o
SERCOM2_Handler                                   src/ASF/sam0/utils/cmsis/samd21/source/gcc/startup_samd21.o
SERCOM3_Handler                                   src/ASF/sam0/utils/cmsis/samd21/source/gcc/startup_samd21.o
SERCOM4_Handler                                   src/ASF/sam0/utils/cmsis/samd21/source/gcc/startup_samd21.o
SERCOM5_Handler                                   src/ASF/sam0/utils/cmsis/samd21/source/gcc/startup_samd21.o
SVC_Handler                                       src/ASF/sam0/utils/cmsis/samd21/source/gcc/startup_samd21.o
SYSCTRL_Handler                                   src/ASF/sam0/utils/cmsis/samd21/source/gcc/startup_samd21.o
SysTick_Handler                                   src/ASF/sam0/utils/cmsis/samd21/source/gcc/startup_samd21.o
SystemCoreClock                                   src/ASF/sam0/utils/cmsis/samd21/source/system_samd21.o
SystemCoreClockUpdate                             src/ASF/sam0/utils/cmsis/samd21/source/system_samd21.o
SystemInit                                        src/ASF/sam0/utils/cmsis/samd21/source/system_samd21.o
TC3_Handler                                       src/ASF/sam0/drivers/tc/tc_interrupt.o
TC4_Handler                                       src/ASF/sam0/drivers/tc/tc_interrupt.o
TC5_Handler                                       src/ASF/sam0/drivers/tc/tc_interrupt.o
TCC0_Handler                                      src/ASF/sam0/utils/cmsis/samd21/source/gcc/startup_samd21.o
TCC1_Handler                                      src/ASF/sam0/utils/cmsis/samd21/source/gcc/startup_samd21.o
TCC2_Handler                                      src/ASF/sam0/utils/cmsis/samd21/source/gcc/startup_samd21.o
USB_Handler                                       src/ASF/sam0/utils/cmsis/samd21/source/gcc/startup_samd21.o
WDT_Handler                                       src/ASF/sam0/utils/cmsis/samd21/source/gcc/startup_samd21.o
_Jv_RegisterClasses                               c:/program files (x86)/atmel/studio/7.0/toolchain/arm/arm-gnu-toolchain/bin/../lib/gcc/arm-none-eabi/6.3.1/thumb/v6-m/crtbegin.o
__aeabi_idiv0                                     c:/program files (x86)/atmel/studio/7.0/toolchain/arm/arm-gnu-toolchain/bin/../lib/gcc/arm-none-eabi/6.3.1/thumb/v6-m\libgcc.a(_dvmd_tls.o)
                                                  c:/program files (x86)/atmel/studio/7.0/toolchain/arm/arm-gnu-toolchain/bin/../lib/gcc/arm-none-eabi/6.3.1/thumb/v6-m\libgcc.a(_udivsi3.o)
__aeabi_ldiv0                                     c:/program files (x86)/atmel/studio/7.0/toolchain/arm/arm-gnu-toolchain/bin/../lib/gcc/arm-none-eabi/6.3.1/thumb/v6-m\libgcc.a(_dvmd_tls.o)
__aeabi_uidiv                                     c:/program files (x86)/atmel/studio/7.0/toolchain/arm/arm-gnu-toolchain/bin/../lib/gcc/arm-none-eabi/6.3.1/thumb/v6-m\libgcc.a(_udivsi3.o)
                                                  src/ASF/sam0/drivers/system/clock/clock_samd21_r21_da_ha1/gclk.o
                                                  src/ASF/sam0/drivers/system/clock/clock_samd21_r21_da_ha1/clock.o
__aeabi_uidivmod                                  c:/program files (x86)/atmel/studio/7.0/toolchain/arm/arm-gnu-toolchain/bin/../lib/gcc/arm-none-eabi/6.3.1/thumb/v6-m\libgcc.a(_udivsi3.o)
__bss_end__                                       c:/program files (x86)/atmel/studio/7.0/toolchain/arm/arm-gnu-toolchain/bin/../lib/gcc/arm-none-eabi/6.3.1/../../../../arm-none-eabi/lib/thumb/v6-m/crt0.o
__bss_start__                                     c:/program files (x86)/atmel/studio/7.0/toolchain/arm/arm-gnu-toolchain/bin/../lib/gcc/arm-none-eabi/6.3.1/../../../../arm-none-eabi/lib/thumb/v6-m/crt0.o
__call_exitprocs                                  c:/program files (x86)/atmel/studio/7.0/toolchain/arm/arm-gnu-toolchain/bin/../lib/gcc/arm-none-eabi/6.3.1/../../../../arm-none-eabi/lib/thumb/v6-m\libc_nano.a(lib_a-exit.o)
__deregister_frame_info                           c:/program files (x86)/atmel/studio/7.0/toolchain/arm/arm-gnu-toolchain/bin/../lib/gcc/arm-none-eabi/6.3.1/thumb/v6-m/crtbegin.o
__dso_handle                                      c:/program files (x86)/atmel/studio/7.0/toolchain/arm/arm-gnu-toolchain/bin/../lib/gcc/arm-none-eabi/6.3.1/thumb/v6-m/crtbegin.o
__init_array_end                                  c:/program files (x86)/atmel/studio/7.0/toolchain/arm/arm-gnu-toolchain/bin/../lib/gcc/arm-none-eabi/6.3.1/../../../../arm-none-eabi/lib/thumb/v6-m\libc_nano.a(lib_a-init.o)
__init_array_start                                c:/program files (x86)/atmel/studio/7.0/toolchain/arm/arm-gnu-toolchain/bin/../lib/gcc/arm-none-eabi/6.3.1/../../../../arm-none-eabi/lib/thumb/v6-m\libc_nano.a(lib_a-init.o)
__libc_fini_array                                 c:/program files (x86)/atmel/studio/7.0/toolchain/arm/arm-gnu-toolchain/bin/../lib/gcc/arm-none-eabi/6.3.1/../../../../arm-none-eabi/lib/thumb/v6-m/crt0.o
__libc_init_array                                 c:/program files (x86)/atmel/studio/7.0/toolchain/arm/arm-gnu-toolchain/bin/../lib/gcc/arm-none-eabi/6.3.1/../../../../arm-none-eabi/lib/thumb/v6-m\libc_nano.a(lib_a-init.o)
                                                  src/ASF/sam0/utils/cmsis/samd21/source/gcc/startup_samd21.o
                                                  c:/program files (x86)/atmel/studio/7.0/toolchain/arm/arm-gnu-toolchain/bin/../lib/gcc/arm-none-eabi/6.3.1/../../../../arm-none-eabi/lib/thumb/v6-m/crt0.o
__preinit_array_end                               c:/program files (x86)/atmel/studio/7.0/toolchain/arm/arm-gnu-toolchain/bin/../lib/gcc/arm-none-eabi/6.3.1/../../../../arm-none-eabi/lib/thumb/v6-m\libc_nano.a(lib_a-init.o)
__preinit_array_start                             c:/program files (x86)/atmel/studio/7.0/toolchain/arm/arm-gnu-toolchain/bin/../lib/gcc/arm-none-eabi/6.3.1/../../../../arm-none-eabi/lib/thumb/v6-m\libc_nano.a(lib_a-init.o)
__register_frame_info                             c:/program files (x86)/atmel/studio/7.0/toolchain/arm/arm-gnu-toolchain/bin/../lib/gcc/arm-none-eabi/6.3.1/thumb/v6-m/crtbegin.o
__sf_fake_stderr                                  c:/program files (x86)/atmel/studio/7.0/toolchain/arm/arm-gnu-toolchain/bin/../lib/gcc/arm-none-eabi/6.3.1/../../../../arm-none-eabi/lib/thumb/v6-m\libc_nano.a(lib_a-impure.o)
__sf_fake_stdin                                   c:/program files (x86)/atmel/studio/7.0/toolchain/arm/arm-gnu-toolchain/bin/../lib/gcc/arm-none-eabi/6.3.1/../../../../arm-none-eabi/lib/thumb/v6-m\libc_nano.a(lib_a-impure.o)
__sf_fake_stdout                                  c:/program files (x86)/atmel/studio/7.0/toolchain/arm/arm-gnu-toolchain/bin/../lib/gcc/arm-none-eabi/6.3.1/../../../../arm-none-eabi/lib/thumb/v6-m\libc_nano.a(lib_a-impure.o)
__stack                                           c:/program files (x86)/atmel/studio/7.0/toolchain/arm/arm-gnu-toolchain/bin/../lib/gcc/arm-none-eabi/6.3.1/../../../../arm-none-eabi/lib/thumb/v6-m/crt0.o
__udivsi3                                         c:/program files (x86)/atmel/studio/7.0/toolchain/arm/arm-gnu-toolchain/bin/../lib/gcc/arm-none-eabi/6.3.1/thumb/v6-m\libgcc.a(_udivsi3.o)
_close                                            src/ASF/sam0/utils/syscalls/gcc/syscalls.o
_end                                              src/ASF/sam0/utils/syscalls/gcc/syscalls.o
_erelocate                                        src/ASF/sam0/utils/cmsis/samd21/source/gcc/startup_samd21.o
_estack                                           src/ASF/sam0/utils/cmsis/samd21/source/gcc/startup_samd21.o
_etext                                            src/ASF/sam0/utils/cmsis/samd21/source/gcc/startup_samd21.o
_exit                                             src/ASF/sam0/utils/syscalls/gcc/syscalls.o
                                                  c:/program files (x86)/atmel/studio/7.0/toolchain/arm/arm-gnu-toolchain/bin/../lib/gcc/arm-none-eabi/6.3.1/../../../../arm-none-eabi/lib/thumb/v6-m\libc_nano.a(lib_a-exit.o)
_ezero                                            src/ASF/sam0/utils/cmsis/samd21/source/gcc/startup_samd21.o
_fini                                             c:/program files (x86)/atmel/studio/7.0/toolchain/arm/arm-gnu-toolchain/bin/../lib/gcc/arm-none-eabi/6.3.1/thumb/v6-m/crti.o
_fstat                                            src/ASF/sam0/utils/syscalls/gcc/syscalls.o
_getpid                                           src/ASF/sam0/utils/syscalls/gcc/syscalls.o
_global_impure_ptr                                c:/program files (x86)/atmel/studio/7.0/toolchain/arm/arm-gnu-toolchain/bin/../lib/gcc/arm-none-eabi/6.3.1/../../../../arm-none-eabi/lib/thumb/v6-m\libc_nano.a(lib_a-impure.o)
                                                  c:/program files (x86)/atmel/studio/7.0/toolchain/arm/arm-gnu-toolchain/bin/../lib/gcc/arm-none-eabi/6.3.1/../../../../arm-none-eabi/lib/thumb/v6-m\libc_nano.a(lib_a-exit.o)
_impure_ptr                                       c:/program files (x86)/atmel/studio/7.0/toolchain/arm/arm-gnu-toolchain/bin/../lib/gcc/arm-none-eabi/6.3.1/../../../../arm-none-eabi/lib/thumb/v6-m\libc_nano.a(lib_a-impure.o)
_init                                             c:/program files (x86)/atmel/studio/7.0/toolchain/arm/arm-gnu-toolchain/bin/../lib/gcc/arm-none-eabi/6.3.1/thumb/v6-m/crti.o
                                                  c:/program files (x86)/atmel/studio/7.0/toolchain/arm/arm-gnu-toolchain/bin/../lib/gcc/arm-none-eabi/6.3.1/../../../../arm-none-eabi/lib/thumb/v6-m\libc_nano.a(lib_a-init.o)
_isatty                                           src/ASF/sam0/utils/syscalls/gcc/syscalls.o
_kill                                             src/ASF/sam0/utils/syscalls/gcc/syscalls.o
_lseek                                            src/ASF/sam0/utils/syscalls/gcc/syscalls.o
_mainCRTStartup                                   c:/program files (x86)/atmel/studio/7.0/toolchain/arm/arm-gnu-toolchain/bin/../lib/gcc/arm-none-eabi/6.3.1/../../../../arm-none-eabi/lib/thumb/v6-m/crt0.o
_sbrk                                             src/ASF/sam0/utils/syscalls/gcc/syscalls.o
_sfixed                                           src/ASF/sam0/utils/cmsis/samd21/source/gcc/startup_samd21.o
_srelocate                                        src/ASF/sam0/utils/cmsis/samd21/source/gcc/startup_samd21.o
_start                                            c:/program files (x86)/atmel/studio/7.0/toolchain/arm/arm-gnu-toolchain/bin/../lib/gcc/arm-none-eabi/6.3.1/../../../../arm-none-eabi/lib/thumb/v6-m/crt0.o
_system_divas_init                                src/ASF/sam0/drivers/system/system.o
_system_dummy_init                                src/ASF/sam0/drivers/system/system.o
_system_events_init                               src/ASF/sam0/drivers/system/system.o
_system_extint_init                               src/ASF/sam0/drivers/system/system.o
_szero                                            src/ASF/sam0/utils/cmsis/samd21/source/gcc/startup_samd21.o
_tc_get_inst_index                                src/ASF/sam0/drivers/tc/tc_sam_d_r_h/tc.o
_tc_instances                                     src/ASF/sam0/drivers/tc/tc_interrupt.o
                                                  src/ASF/sam0/drivers/tc/tc_sam_d_r_h/tc.o
_tc_interrupt_handler                             src/ASF/sam0/drivers/tc/tc_interrupt.o
atexit                                            c:/program files (x86)/atmel/studio/7.0/toolchain/arm/arm-gnu-toolchain/bin/../lib/gcc/arm-none-eabi/6.3.1/../../../../arm-none-eabi/lib/thumb/v6-m/crt0.o
board_init                                        src/ASF/common2/boards/user_board/init.o
configure_tc                                      src/ledpwm.o
                                                  src/main.o
cpu_irq_enter_critical                            src/ASF/common/utils/interrupt/interrupt_sam_nvic.o
                                                  src/ASF/sam0/drivers/system/clock/clock_samd21_r21_da_ha1/gclk.o
cpu_irq_leave_critical                            src/ASF/common/utils/interrupt/interrupt_sam_nvic.o
                                                  src/ASF/sam0/drivers/system/clock/clock_samd21_r21_da_ha1/gclk.o
exception_table                                   src/ASF/sam0/utils/cmsis/samd21/source/gcc/startup_samd21.o
exit                                              c:/program files (x86)/atmel/studio/7.0/toolchain/arm/arm-gnu-toolchain/bin/../lib/gcc/arm-none-eabi/6.3.1/../../../../arm-none-eabi/lib/thumb/v6-m\libc_nano.a(lib_a-exit.o)
                                                  c:/program files (x86)/atmel/studio/7.0/toolchain/arm/arm-gnu-toolchain/bin/../lib/gcc/arm-none-eabi/6.3.1/../../../../arm-none-eabi/lib/thumb/v6-m/crt0.o
g_interrupt_enabled                               src/ASF/common/utils/interrupt/interrupt_sam_nvic.o
hardware_init_hook                                c:/program files (x86)/atmel/studio/7.0/toolchain/arm/arm-gnu-toolchain/bin/../lib/gcc/arm-none-eabi/6.3.1/../../../../arm-none-eabi/lib/thumb/v6-m/crt0.o
link                                              src/ASF/sam0/utils/syscalls/gcc/syscalls.o
main                                              src/main.o
                                                  src/ASF/sam0/utils/cmsis/samd21/source/gcc/startup_samd21.o
                                                  c:/program files (x86)/atmel/studio/7.0/toolchain/arm/arm-gnu-toolchain/bin/../lib/gcc/arm-none-eabi/6.3.1/../../../../arm-none-eabi/lib/thumb/v6-m/crt0.o
memset                                            c:/program files (x86)/atmel/studio/7.0/toolchain/arm/arm-gnu-toolchain/bin/../lib/gcc/arm-none-eabi/6.3.1/../../../../arm-none-eabi/lib/thumb/v6-m\libc_nano.a(lib_a-memset.o)
                                                  c:/program files (x86)/atmel/studio/7.0/toolchain/arm/arm-gnu-toolchain/bin/../lib/gcc/arm-none-eabi/6.3.1/../../../../arm-none-eabi/lib/thumb/v6-m/crt0.o
port_group_set_config                             src/ASF/sam0/drivers/port/port.o
port_pin_set_config                               src/ASF/sam0/drivers/port/port.o
software_init_hook                                c:/program files (x86)/atmel/studio/7.0/toolchain/arm/arm-gnu-toolchain/bin/../lib/gcc/arm-none-eabi/6.3.1/../../../../arm-none-eabi/lib/thumb/v6-m/crt0.o
system_board_init                                 src/ASF/common2/boards/user_board/init.o
system_clock_init                                 src/ASF/sam0/drivers/system/clock/clock_samd21_r21_da_ha1/clock.o
system_clock_source_dfll_set_config               src/ASF/sam0/drivers/system/clock/clock_samd21_r21_da_ha1/clock.o
system_clock_source_disable                       src/ASF/sam0/drivers/system/clock/clock_samd21_r21_da_ha1/clock.o
system_clock_source_dpll_set_config               src/ASF/sam0/drivers/system/clock/clock_samd21_r21_da_ha1/clock.o
system_clock_source_enable                        src/ASF/sam0/drivers/system/clock/clock_samd21_r21_da_ha1/clock.o
system_clock_source_get_hz                        src/ASF/sam0/drivers/system/clock/clock_samd21_r21_da_ha1/clock.o
                                                  src/ASF/sam0/drivers/system/clock/clock_samd21_r21_da_ha1/gclk.o
system_clock_source_is_ready                      src/ASF/sam0/drivers/system/clock/clock_samd21_r21_da_ha1/clock.o
system_clock_source_osc32k_set_config             src/ASF/sam0/drivers/system/clock/clock_samd21_r21_da_ha1/clock.o
system_clock_source_osc8m_set_config              src/ASF/sam0/drivers/system/clock/clock_samd21_r21_da_ha1/clock.o
system_clock_source_write_calibration             src/ASF/sam0/drivers/system/clock/clock_samd21_r21_da_ha1/clock.o
system_clock_source_xosc32k_set_config            src/ASF/sam0/drivers/system/clock/clock_samd21_r21_da_ha1/clock.o
system_clock_source_xosc_set_config               src/ASF/sam0/drivers/system/clock/clock_samd21_r21_da_ha1/clock.o
system_gclk_chan_disable                          src/ASF/sam0/drivers/system/clock/clock_samd21_r21_da_ha1/gclk.o
system_gclk_chan_enable                           src/ASF/sam0/drivers/system/clock/clock_samd21_r21_da_ha1/gclk.o
                                                  src/ASF/sam0/drivers/tc/tc_sam_d_r_h/tc.o
system_gclk_chan_get_hz                           src/ASF/sam0/drivers/system/clock/clock_samd21_r21_da_ha1/gclk.o
                                                  src/ASF/sam0/drivers/system/clock/clock_samd21_r21_da_ha1/clock.o
system_gclk_chan_is_enabled                       src/ASF/sam0/drivers/system/clock/clock_samd21_r21_da_ha1/gclk.o
system_gclk_chan_is_locked                        src/ASF/sam0/drivers/system/clock/clock_samd21_r21_da_ha1/gclk.o
system_gclk_chan_lock                             src/ASF/sam0/drivers/system/clock/clock_samd21_r21_da_ha1/gclk.o
system_gclk_chan_set_config                       src/ASF/sam0/drivers/system/clock/clock_samd21_r21_da_ha1/gclk.o
                                                  src/ASF/sam0/drivers/tc/tc_sam_d_r_h/tc.o
                                                  src/ASF/sam0/drivers/system/clock/clock_samd21_r21_da_ha1/clock.o
system_gclk_gen_disable                           src/ASF/sam0/drivers/system/clock/clock_samd21_r21_da_ha1/gclk.o
system_gclk_gen_enable                            src/ASF/sam0/drivers/system/clock/clock_samd21_r21_da_ha1/gclk.o
                                                  src/ASF/sam0/drivers/system/clock/clock_samd21_r21_da_ha1/clock.o
system_gclk_gen_get_hz                            src/ASF/sam0/drivers/system/clock/clock_samd21_r21_da_ha1/gclk.o
system_gclk_gen_is_enabled                        src/ASF/sam0/drivers/system/clock/clock_samd21_r21_da_ha1/gclk.o
system_gclk_gen_set_config                        src/ASF/sam0/drivers/system/clock/clock_samd21_r21_da_ha1/gclk.o
                                                  src/ASF/sam0/drivers/system/clock/clock_samd21_r21_da_ha1/clock.o
system_gclk_init                                  src/ASF/sam0/drivers/system/clock/clock_samd21_r21_da_ha1/gclk.o
                                                  src/ASF/sam0/drivers/system/clock/clock_samd21_r21_da_ha1/clock.o
system_init                                       src/ASF/sam0/drivers/system/system.o
                                                  src/main.o
system_interrupt_clear_pending                    src/ASF/sam0/drivers/system/interrupt/system_interrupt.o
system_interrupt_get_priority                     src/ASF/sam0/drivers/system/interrupt/system_interrupt.o
system_interrupt_is_pending                       src/ASF/sam0/drivers/system/interrupt/system_interrupt.o
system_interrupt_set_pending                      src/ASF/sam0/drivers/system/interrupt/system_interrupt.o
system_interrupt_set_priority                     src/ASF/sam0/drivers/system/interrupt/system_interrupt.o
system_pinmux_group_set_config                    src/ASF/sam0/drivers/system/pinmux/pinmux.o
                                                  src/ASF/sam0/drivers/port/port.o
system_pinmux_group_set_input_sample_mode         src/ASF/sam0/drivers/system/pinmux/pinmux.o
system_pinmux_group_set_output_strength           src/ASF/sam0/drivers/system/pinmux/pinmux.o
system_pinmux_pin_set_config                      src/ASF/sam0/drivers/system/pinmux/pinmux.o
                                                  src/ASF/sam0/drivers/tc/tc_sam_d_r_h/tc.o
                                                  src/ASF/sam0/drivers/port/port.o
tc_get_capture_value                              src/ASF/sam0/drivers/tc/tc_sam_d_r_h/tc.o
tc_get_count_value                                src/ASF/sam0/drivers/tc/tc_sam_d_r_h/tc.o
tc_init                                           src/ASF/sam0/drivers/tc/tc_sam_d_r_h/tc.o
                                                  src/ledpwm.o
tc_instance                                       src/ledpwm.o
tc_register_callback                              src/ASF/sam0/drivers/tc/tc_interrupt.o
tc_reset                                          src/ASF/sam0/drivers/tc/tc_sam_d_r_h/tc.o
tc_set_compare_value                              src/ASF/sam0/drivers/tc/tc_sam_d_r_h/tc.o
tc_set_count_value                                src/ASF/sam0/drivers/tc/tc_sam_d_r_h/tc.o
tc_set_top_value                                  src/ASF/sam0/drivers/tc/tc_sam_d_r_h/tc.o
tc_unregister_callback                            src/ASF/sam0/drivers/tc/tc_interrupt.o
