Archive member included to satisfy reference by file (symbol)

c:/program files (x86)/atmel/studio/7.0/toolchain/arm/arm-gnu-toolchain/bin/../lib/gcc/arm-none-eabi/6.3.1/thumb/v6-m\libgcc.a(_udivsi3.o)
                              src/ASF/sam0/drivers/system/clock/clock_samd21_r21_da_ha1/clock.o (__aeabi_uidiv)
c:/program files (x86)/atmel/studio/7.0/toolchain/arm/arm-gnu-toolchain/bin/../lib/gcc/arm-none-eabi/6.3.1/thumb/v6-m\libgcc.a(_dvmd_tls.o)
                              c:/program files (x86)/atmel/studio/7.0/toolchain/arm/arm-gnu-toolchain/bin/../lib/gcc/arm-none-eabi/6.3.1/thumb/v6-m\libgcc.a(_udivsi3.o) (__aeabi_idiv0)
c:/program files (x86)/atmel/studio/7.0/toolchain/arm/arm-gnu-toolchain/bin/../lib/gcc/arm-none-eabi/6.3.1/../../../../arm-none-eabi/lib/thumb/v6-m\libc_nano.a(lib_a-exit.o)
                              c:/program files (x86)/atmel/studio/7.0/toolchain/arm/arm-gnu-toolchain/bin/../lib/gcc/arm-none-eabi/6.3.1/../../../../arm-none-eabi/lib/thumb/v6-m/crt0.o (exit)
c:/program files (x86)/atmel/studio/7.0/toolchain/arm/arm-gnu-toolchain/bin/../lib/gcc/arm-none-eabi/6.3.1/../../../../arm-none-eabi/lib/thumb/v6-m\libc_nano.a(lib_a-impure.o)
                              c:/program files (x86)/atmel/studio/7.0/toolchain/arm/arm-gnu-toolchain/bin/../lib/gcc/arm-none-eabi/6.3.1/../../../../arm-none-eabi/lib/thumb/v6-m\libc_nano.a(lib_a-exit.o) (_global_impure_ptr)
c:/program files (x86)/atmel/studio/7.0/toolchain/arm/arm-gnu-toolchain/bin/../lib/gcc/arm-none-eabi/6.3.1/../../../../arm-none-eabi/lib/thumb/v6-m\libc_nano.a(lib_a-init.o)
                              c:/program files (x86)/atmel/studio/7.0/toolchain/arm/arm-gnu-toolchain/bin/../lib/gcc/arm-none-eabi/6.3.1/../../../../arm-none-eabi/lib/thumb/v6-m/crt0.o (__libc_init_array)
c:/program files (x86)/atmel/studio/7.0/toolchain/arm/arm-gnu-toolchain/bin/../lib/gcc/arm-none-eabi/6.3.1/../../../../arm-none-eabi/lib/thumb/v6-m\libc_nano.a(lib_a-memset.o)
                              c:/program files (x86)/atmel/studio/7.0/toolchain/arm/arm-gnu-toolchain/bin/../lib/gcc/arm-none-eabi/6.3.1/../../../../arm-none-eabi/lib/thumb/v6-m/crt0.o (memset)

Allocating common symbols
Common symbol       size              file

_tcc_instances      0xc               src/ASF/sam0/drivers/tcc/tcc_callback.o
tcc_instance        0x40              src/ledpwm.o
pwm_count           0x4               src/ledpwm.o

Discarded input sections

 .text          0x00000000        0x0 c:/program files (x86)/atmel/studio/7.0/toolchain/arm/arm-gnu-toolchain/bin/../lib/gcc/arm-none-eabi/6.3.1/thumb/v6-m/crti.o
 .data          0x00000000        0x0 c:/program files (x86)/atmel/studio/7.0/toolchain/arm/arm-gnu-toolchain/bin/../lib/gcc/arm-none-eabi/6.3.1/thumb/v6-m/crti.o
 .bss           0x00000000        0x0 c:/program files (x86)/atmel/studio/7.0/toolchain/arm/arm-gnu-toolchain/bin/../lib/gcc/arm-none-eabi/6.3.1/thumb/v6-m/crti.o
 .data          0x00000000        0x4 c:/program files (x86)/atmel/studio/7.0/toolchain/arm/arm-gnu-toolchain/bin/../lib/gcc/arm-none-eabi/6.3.1/thumb/v6-m/crtbegin.o
 .text          0x00000000       0x78 c:/program files (x86)/atmel/studio/7.0/toolchain/arm/arm-gnu-toolchain/bin/../lib/gcc/arm-none-eabi/6.3.1/../../../../arm-none-eabi/lib/thumb/v6-m/crt0.o
 .data          0x00000000        0x0 c:/program files (x86)/atmel/studio/7.0/toolchain/arm/arm-gnu-toolchain/bin/../lib/gcc/arm-none-eabi/6.3.1/../../../../arm-none-eabi/lib/thumb/v6-m/crt0.o
 .bss           0x00000000        0x0 c:/program files (x86)/atmel/studio/7.0/toolchain/arm/arm-gnu-toolchain/bin/../lib/gcc/arm-none-eabi/6.3.1/../../../../arm-none-eabi/lib/thumb/v6-m/crt0.o
 .ARM.extab     0x00000000        0x0 c:/program files (x86)/atmel/studio/7.0/toolchain/arm/arm-gnu-toolchain/bin/../lib/gcc/arm-none-eabi/6.3.1/../../../../arm-none-eabi/lib/thumb/v6-m/crt0.o
 .ARM.exidx     0x00000000        0x8 c:/program files (x86)/atmel/studio/7.0/toolchain/arm/arm-gnu-toolchain/bin/../lib/gcc/arm-none-eabi/6.3.1/../../../../arm-none-eabi/lib/thumb/v6-m/crt0.o
 .ARM.attributes
                0x00000000       0x1b c:/program files (x86)/atmel/studio/7.0/toolchain/arm/arm-gnu-toolchain/bin/../lib/gcc/arm-none-eabi/6.3.1/../../../../arm-none-eabi/lib/thumb/v6-m/crt0.o
 .group         0x00000000        0x8 src/ASF/common2/boards/user_board/init.o
 .group         0x00000000        0x8 src/ASF/common2/boards/user_board/init.o
 .group         0x00000000        0x8 src/ASF/common2/boards/user_board/init.o
 .group         0x00000000        0x8 src/ASF/common2/boards/user_board/init.o
 .group         0x00000000        0x8 src/ASF/common2/boards/user_board/init.o
 .group         0x00000000        0x8 src/ASF/common2/boards/user_board/init.o
 .group         0x00000000        0x8 src/ASF/common2/boards/user_board/init.o
 .group         0x00000000        0x8 src/ASF/common2/boards/user_board/init.o
 .group         0x00000000        0x8 src/ASF/common2/boards/user_board/init.o
[...]
Memory Configuration

Name             Origin             Length             Attributes
rom              0x00000000         0x00040000         xr
ram              0x20000000         0x00008000         xrw
*default*        0x00000000         0xffffffff

Linker script and memory map

LOAD c:/program files (x86)/atmel/studio/7.0/toolchain/arm/arm-gnu-toolchain/bin/../lib/gcc/arm-none-eabi/6.3.1/thumb/v6-m/crti.o
LOAD c:/program files (x86)/atmel/studio/7.0/toolchain/arm/arm-gnu-toolchain/bin/../lib/gcc/arm-none-eabi/6.3.1/thumb/v6-m/crtbegin.o
LOAD c:/program files (x86)/atmel/studio/7.0/toolchain/arm/arm-gnu-toolchain/bin/../lib/gcc/arm-none-eabi/6.3.1/../../../../arm-none-eabi/lib/thumb/v6-m/crt0.o
LOAD src/ASF/common2/boards/user_board/init.o
LOAD src/ASF/common/utils/interrupt/interrupt_sam_nvic.o
LOAD src/ASF/sam0/drivers/port/port.o
LOAD src/ASF/sam0/drivers/system/clock/clock_samd21_r21_da_ha1/clock.o
LOAD src/ASF/sam0/drivers/system/clock/clock_samd21_r21_da_ha1/gclk.o
LOAD src/ASF/sam0/drivers/system/interrupt/system_interrupt.o
LOAD src/ASF/sam0/drivers/system/pinmux/pinmux.o
LOAD src/ASF/sam0/drivers/system/system.o
LOAD src/ASF/sam0/drivers/tcc/tcc.o
LOAD src/ASF/sam0/drivers/tcc/tcc_callback.o
LOAD src/ASF/sam0/utils/cmsis/samd21/source/gcc/startup_samd21.o
LOAD src/ASF/sam0/utils/cmsis/samd21/source/system_samd21.o
LOAD src/ASF/sam0/utils/syscalls/gcc/syscalls.o
LOAD src/ledpwm.o
LOAD src/main.o
START GROUP
LOAD ../src/ASF/thirdparty/CMSIS/Lib/GCC\libarm_cortexM0l_math.a
LOAD c:/program files (x86)/atmel/studio/7.0/toolchain/arm/arm-gnu-toolchain/bin/../lib/gcc/arm-none-eabi/6.3.1/../../../../arm-none-eabi/lib/thumb/v6-m\libm.a
END GROUP
START GROUP
LOAD c:/program files (x86)/atmel/studio/7.0/toolchain/arm/arm-gnu-toolchain/bin/../lib/gcc/arm-none-eabi/6.3.1/thumb/v6-m\libgcc.a
LOAD c:/program files (x86)/atmel/studio/7.0/toolchain/arm/arm-gnu-toolchain/bin/../lib/gcc/arm-none-eabi/6.3.1/../../../../arm-none-eabi/lib/thumb/v6-m\libc_nano.a
END GROUP
START GROUP
LOAD c:/program files (x86)/atmel/studio/7.0/toolchain/arm/arm-gnu-toolchain/bin/../lib/gcc/arm-none-eabi/6.3.1/thumb/v6-m\libgcc.a
LOAD c:/program files (x86)/atmel/studio/7.0/toolchain/arm/arm-gnu-toolchain/bin/../lib/gcc/arm-none-eabi/6.3.1/../../../../arm-none-eabi/lib/thumb/v6-m\libc_nano.a
END GROUP
LOAD c:/program files (x86)/atmel/studio/7.0/toolchain/arm/arm-gnu-toolchain/bin/../lib/gcc/arm-none-eabi/6.3.1/thumb/v6-m/crtend.o
LOAD c:/program files (x86)/atmel/studio/7.0/toolchain/arm/arm-gnu-toolchain/bin/../lib/gcc/arm-none-eabi/6.3.1/thumb/v6-m/crtn.o
                0x00002000                STACK_SIZE = DEFINED (STACK_SIZE)?STACK_SIZE:DEFINED (__stack_size__)?__stack_size__:0x2000

.text           0x00000000     0x114c
                0x00000000                . = ALIGN (0x4)
                0x00000000                _sfixed = .
 *(.vectors .vectors.*)
 .vectors       0x00000000       0xb4 src/ASF/sam0/utils/cmsis/samd21/source/gcc/startup_samd21.o
                0x00000000                exception_table
 *(.text .text.* .gnu.linkonce.t.*)
 .text          0x000000b4       0x60 c:/program files (x86)/atmel/studio/7.0/toolchain/arm/arm-gnu-toolchain/bin/../lib/gcc/arm-none-eabi/6.3.1/thumb/v6-m/crtbegin.o
 .text.system_board_init
                0x00000114        0xa src/ASF/common2/boards/user_board/init.o
                0x00000114                board_init
                0x00000114                system_board_init
 *fill*         0x0000011e        0x2 
 .text.cpu_irq_enter_critical
                0x00000120       0x54 src/ASF/common/utils/interrupt/interrupt_sam_nvic.o
                0x00000120                cpu_irq_enter_critical
 .text.cpu_irq_leave_critical
                0x00000174       0x40 src/ASF/common/utils/interrupt/interrupt_sam_nvic.o
                0x00000174                cpu_irq_leave_critical
 .text.system_pinmux_get_config_defaults
                0x000001b4       0x28 src/ASF/sam0/drivers/port/port.o
 .text.port_pin_set_config
                0x000001dc       0x60 src/ASF/sam0/drivers/port/port.o
                0x000001dc                port_pin_set_config
 .text.system_gclk_gen_get_config_defaults
                0x0000023c       0x2e src/ASF/sam0/drivers/system/clock/clock_samd21_r21_da_ha1/clock.o
 .text.system_clock_source_osc8m_get_config_defaults
                0x0000026a       0x22 src/ASF/sam0/drivers/system/clock/clock_samd21_r21_da_ha1/clock.o
 .text.system_cpu_clock_set_divider
                0x0000028c       0x20 src/ASF/sam0/drivers/system/clock/clock_samd21_r21_da_ha1/clock.o
 .text.system_apb_clock_set_divider
                0x000002ac       0x54 src/ASF/sam0/drivers/system/clock/clock_samd21_r21_da_ha1/clock.o
 .text.system_flash_set_waitstates
                0x00000300       0x34 src/ASF/sam0/drivers/system/clock/clock_samd21_r21_da_ha1/clock.o
 .text._system_dfll_wait_for_sync
                0x00000334       0x1c src/ASF/sam0/drivers/system/clock/clock_samd21_r21_da_ha1/clock.o
 .text._system_clock_source_dfll_set_config_errata_9905
                0x00000350       0x44 src/ASF/sam0/drivers/system/clock/clock_samd21_r21_da_ha1/clock.o
 .text.system_clock_source_osc8m_set_config
                0x00000394       0x78 src/ASF/sam0/drivers/system/clock/clock_samd21_r21_da_ha1/clock.o
                0x00000394                system_clock_source_osc8m_set_config
 .text.system_clock_source_enable
                0x0000040c       0xac src/ASF/sam0/drivers/system/clock/clock_samd21_r21_da_ha1/clock.o
                0x0000040c                system_clock_source_enable
 .text._switch_peripheral_gclk
                0x000004b8       0x38 src/ASF/sam0/drivers/system/clock/clock_samd21_r21_da_ha1/clock.o
 .text.system_clock_init
                0x000004f0       0xd4 src/ASF/sam0/drivers/system/clock/clock_samd21_r21_da_ha1/clock.o
                0x000004f0                system_clock_init
 .text.system_apb_clock_set_mask
                0x000005c4       0x5c src/ASF/sam0/drivers/system/clock/clock_samd21_r21_da_ha1/gclk.o
 .text.system_interrupt_enter_critical_section
                0x00000620       0x14 src/ASF/sam0/drivers/system/clock/clock_samd21_r21_da_ha1/gclk.o
 .text.system_interrupt_leave_critical_section
                0x00000634       0x14 src/ASF/sam0/drivers/system/clock/clock_samd21_r21_da_ha1/gclk.o
 .text.system_gclk_is_syncing
                0x00000648       0x20 src/ASF/sam0/drivers/system/clock/clock_samd21_r21_da_ha1/gclk.o
 .text.system_gclk_init
                0x00000668       0x30 src/ASF/sam0/drivers/system/clock/clock_samd21_r21_da_ha1/gclk.o
                0x00000668                system_gclk_init
 .text.system_gclk_gen_set_config
                0x00000698      0x124 src/ASF/sam0/drivers/system/clock/clock_samd21_r21_da_ha1/gclk.o
                0x00000698                system_gclk_gen_set_config
 .text.system_gclk_gen_enable
                0x000007bc       0x5c src/ASF/sam0/drivers/system/clock/clock_samd21_r21_da_ha1/gclk.o
                0x000007bc                system_gclk_gen_enable
 .text.system_gclk_chan_set_config
                0x00000818       0x44 src/ASF/sam0/drivers/system/clock/clock_samd21_r21_da_ha1/gclk.o
                0x00000818                system_gclk_chan_set_config
 .text.system_gclk_chan_disable
                0x0000085c       0x98 src/ASF/sam0/drivers/system/clock/clock_samd21_r21_da_ha1/gclk.o
                0x0000085c                system_gclk_chan_disable
 .text.system_pinmux_get_group_from_gpio_pin
                0x000008f4       0x60 src/ASF/sam0/drivers/system/pinmux/pinmux.o
 .text._system_pinmux_config
                0x00000954      0x110 src/ASF/sam0/drivers/system/pinmux/pinmux.o
 .text.system_pinmux_pin_set_config
                0x00000a64       0x48 src/ASF/sam0/drivers/system/pinmux/pinmux.o
                0x00000a64                system_pinmux_pin_set_config
 .text._system_dummy_init
                0x00000aac        0xa src/ASF/sam0/drivers/system/system.o
                0x00000aac                _system_extint_init
                0x00000aac                _system_events_init
                0x00000aac                _system_dummy_init
                0x00000aac                _system_divas_init
 *fill*         0x00000ab6        0x2 
 .text.system_init
                0x00000ab8       0x34 src/ASF/sam0/drivers/system/system.o
                0x00000ab8                system_init
 .text.TCC0_Handler
                0x00000aec       0x14 src/ASF/sam0/drivers/tcc/tcc_callback.o
                0x00000aec                TCC0_Handler
 .text.TCC1_Handler
                0x00000b00       0x14 src/ASF/sam0/drivers/tcc/tcc_callback.o
                0x00000b00                TCC1_Handler
 .text.TCC2_Handler
                0x00000b14       0x14 src/ASF/sam0/drivers/tcc/tcc_callback.o
                0x00000b14                TCC2_Handler
 .text._tcc_interrupt_handler
                0x00000b28       0x7c src/ASF/sam0/drivers/tcc/tcc_callback.o
                0x00000b28                _tcc_interrupt_handler
 .text.Reset_Handler
                0x00000ba4       0xf8 src/ASF/sam0/utils/cmsis/samd21/source/gcc/startup_samd21.o
                0x00000ba4                Reset_Handler
 .text.Dummy_Handler
                0x00000c9c        0x6 src/ASF/sam0/utils/cmsis/samd21/source/gcc/startup_samd21.o
                0x00000c9c                DMAC_Handler
                0x00000c9c                HardFault_Handler
                0x00000c9c                AC_Handler
                0x00000c9c                SysTick_Handler
                0x00000c9c                PendSV_Handler
                0x00000c9c                NMI_Handler
                0x00000c9c                SERCOM1_Handler
                0x00000c9c                ADC_Handler
                0x00000c9c                SERCOM2_Handler
                0x00000c9c                RTC_Handler
                0x00000c9c                EIC_Handler
                0x00000c9c                WDT_Handler
                0x00000c9c                TC4_Handler
                0x00000c9c                USB_Handler
                0x00000c9c                Dummy_Handler
                0x00000c9c                PM_Handler
                0x00000c9c                SERCOM5_Handler
                0x00000c9c                SVC_Handler
                0x00000c9c                EVSYS_Handler
                0x00000c9c                SERCOM3_Handler
                0x00000c9c                SERCOM4_Handler
                0x00000c9c                I2S_Handler
                0x00000c9c                NVMCTRL_Handler
                0x00000c9c                SERCOM0_Handler
                0x00000c9c                DAC_Handler
                0x00000c9c                PTC_Handler
                0x00000c9c                TC5_Handler
                0x00000c9c                SYSCTRL_Handler
 *fill*         0x00000ca2        0x2 
 .text.NVIC_EnableIRQ
                0x00000ca4       0x2c src/ledpwm.o
 .text.NVIC_SetPriority
                0x00000cd0       0xdc src/ledpwm.o
 .text.system_pinmux_get_group_from_gpio_pin
                0x00000dac       0x60 src/ledpwm.o
 .text.port_get_group_from_gpio_pin
                0x00000e0c       0x24 src/ledpwm.o
 .text.port_get_config_defaults
                0x00000e30       0x22 src/ledpwm.o
 *fill*         0x00000e52        0x2 
 .text.port_pin_set_output_level
                0x00000e54       0x54 src/ledpwm.o
 .text.led_pwm_init
                0x00000ea8       0x64 src/ledpwm.o
                0x00000ea8                led_pwm_init
 .text.init_TC3
                0x00000f0c       0x78 src/ledpwm.o
                0x00000f0c                init_TC3
 .text.TC3_Handler
                0x00000f84       0xec src/ledpwm.o
                0x00000f84                TC3_Handler
 .text.main     0x00001070       0x20 src/main.o
                0x00001070                main
 .text.__libc_init_array
                0x00001090       0x48 c:/program files (x86)/atmel/studio/7.0/toolchain/arm/arm-gnu-toolchain/bin/../lib/gcc/arm-none-eabi/6.3.1/../../../../arm-none-eabi/lib/thumb/v6-m\libc_nano.a(lib_a-init.o)
                0x00001090                __libc_init_array
 *(.glue_7t)
 .glue_7t       0x000010d8        0x0 linker stubs
 *(.glue_7)
 .glue_7        0x000010d8        0x0 linker stubs
 *(.rodata .rodata* .gnu.linkonce.r.*)
 .rodata.system_clock_source_enable
                0x000010d8       0x24 src/ASF/sam0/drivers/system/clock/clock_samd21_r21_da_ha1/clock.o
 .rodata._tcc_intflag
                0x000010fc       0x30 src/ASF/sam0/drivers/tcc/tcc_callback.o
                0x000010fc                _tcc_intflag
 *(.ARM.extab* .gnu.linkonce.armextab.*)
                0x0000112c                . = ALIGN (0x4)
 *(.init)
 .init          0x0000112c        0x4 c:/program files (x86)/atmel/studio/7.0/toolchain/arm/arm-gnu-toolchain/bin/../lib/gcc/arm-none-eabi/6.3.1/thumb/v6-m/crti.o
                0x0000112c                _init
 .init          0x00001130        0x8 c:/program files (x86)/atmel/studio/7.0/toolchain/arm/arm-gnu-toolchain/bin/../lib/gcc/arm-none-eabi/6.3.1/thumb/v6-m/crtn.o
                0x00001138                . = ALIGN (0x4)
                0x00001138                __preinit_array_start = .
 *(.preinit_array)
                0x00001138                __preinit_array_end = .
                0x00001138                . = ALIGN (0x4)
                0x00001138                __init_array_start = .
 *(SORT(.init_array.*))
 *(.init_array)
 .init_array    0x00001138        0x4 c:/program files (x86)/atmel/studio/7.0/toolchain/arm/arm-gnu-toolchain/bin/../lib/gcc/arm-none-eabi/6.3.1/thumb/v6-m/crtbegin.o
                0x0000113c                __init_array_end = .
                0x0000113c                . = ALIGN (0x4)
 *crtbegin.o(.ctors)
 *(EXCLUDE_FILE(*crtend.o) .ctors)
 *(SORT(.ctors.*))
 *crtend.o(.ctors)
                0x0000113c                . = ALIGN (0x4)
 *(.fini)
 .fini          0x0000113c        0x4 c:/program files (x86)/atmel/studio/7.0/toolchain/arm/arm-gnu-toolchain/bin/../lib/gcc/arm-none-eabi/6.3.1/thumb/v6-m/crti.o
                0x0000113c                _fini
 .fini          0x00001140        0x8 c:/program files (x86)/atmel/studio/7.0/toolchain/arm/arm-gnu-toolchain/bin/../lib/gcc/arm-none-eabi/6.3.1/thumb/v6-m/crtn.o
                0x00001148                . = ALIGN (0x4)
                0x00001148                __fini_array_start = .
 *(.fini_array)
 .fini_array    0x00001148        0x4 c:/program files (x86)/atmel/studio/7.0/toolchain/arm/arm-gnu-toolchain/bin/../lib/gcc/arm-none-eabi/6.3.1/thumb/v6-m/crtbegin.o
 *(SORT(.fini_array.*))
                0x0000114c                __fini_array_end = .
 *crtbegin.o(.dtors)
 *(EXCLUDE_FILE(*crtend.o) .dtors)
 *(SORT(.dtors.*))
 *crtend.o(.dtors)
                0x0000114c                . = ALIGN (0x4)
                0x0000114c                _efixed = .
                [!provide]                PROVIDE (__exidx_start, .)

.vfp11_veneer   0x0000114c        0x0
 .vfp11_veneer  0x0000114c        0x0 linker stubs

.v4_bx          0x0000114c        0x0
 .v4_bx         0x0000114c        0x0 linker stubs

.iplt           0x0000114c        0x0
 .iplt          0x0000114c        0x0 c:/program files (x86)/atmel/studio/7.0/toolchain/arm/arm-gnu-toolchain/bin/../lib/gcc/arm-none-eabi/6.3.1/thumb/v6-m/crtbegin.o

.eh_frame       0x0000114c        0x0
 .eh_frame      0x0000114c        0x0 c:/program files (x86)/atmel/studio/7.0/toolchain/arm/arm-gnu-toolchain/bin/../lib/gcc/arm-none-eabi/6.3.1/thumb/v6-m/crtbegin.o

.rel.dyn        0x0000114c        0x0
 .rel.iplt      0x0000114c        0x0 c:/program files (x86)/atmel/studio/7.0/toolchain/arm/arm-gnu-toolchain/bin/../lib/gcc/arm-none-eabi/6.3.1/thumb/v6-m/crtbegin.o

.jcr            0x0000114c        0x0
 .jcr           0x0000114c        0x0 c:/program files (x86)/atmel/studio/7.0/toolchain/arm/arm-gnu-toolchain/bin/../lib/gcc/arm-none-eabi/6.3.1/thumb/v6-m/crtbegin.o

.igot.plt       0x0000114c        0x0
 .igot.plt      0x0000114c        0x0 c:/program files (x86)/atmel/studio/7.0/toolchain/arm/arm-gnu-toolchain/bin/../lib/gcc/arm-none-eabi/6.3.1/thumb/v6-m/crtbegin.o

.ARM.exidx
 *(.ARM.exidx* .gnu.linkonce.armexidx.*)
                [!provide]                PROVIDE (__exidx_end, .)
                0x0000114c                . = ALIGN (0x4)
                0x0000114c                _etext = .

.relocate       0x20000000        0xc load address 0x0000114c
                0x20000000                . = ALIGN (0x4)
                0x20000000                _srelocate = .
 *(.ramfunc .ramfunc.*)
 *(.data .data.*)
 .data.g_interrupt_enabled
                0x20000000        0x1 src/ASF/common/utils/interrupt/interrupt_sam_nvic.o
                0x20000000                g_interrupt_enabled
 *fill*         0x20000001        0x3 
 .data.dutycycle.12597
                0x20000004        0x4 src/ledpwm.o
 .data.fade_way.12598
                0x20000008        0x1 src/ledpwm.o
                0x2000000c                . = ALIGN (0x4)
 *fill*         0x20000009        0x3 
                0x2000000c                _erelocate = .

.bss            0x2000000c       0x4c load address 0x00001158
                0x2000000c                . = ALIGN (0x4)
                0x2000000c                _sbss = .
                0x2000000c                _szero = .
 *(.bss .bss.*)
 .bss           0x2000000c       0x1c c:/program files (x86)/atmel/studio/7.0/toolchain/arm/arm-gnu-toolchain/bin/../lib/gcc/arm-none-eabi/6.3.1/thumb/v6-m/crtbegin.o
 .bss.cpu_irq_critical_section_counter
                0x20000028        0x4 src/ASF/common/utils/interrupt/interrupt_sam_nvic.o
 .bss.cpu_irq_prev_interrupt_state
                0x2000002c        0x1 src/ASF/common/utils/interrupt/interrupt_sam_nvic.o
 *fill*         0x2000002d        0x3 
 .bss._system_clock_inst
                0x20000030       0x18 src/ASF/sam0/drivers/system/clock/clock_samd21_r21_da_ha1/clock.o
 .bss.pwm_count.12596
                0x20000048        0x4 src/ledpwm.o
 *(COMMON)
 COMMON         0x2000004c        0xc src/ASF/sam0/drivers/tcc/tcc_callback.o
                0x2000004c                _tcc_instances
                0x20000058                . = ALIGN (0x4)
                0x20000058                _ebss = .
                0x20000058                _ezero = .

.stack          0x20000058     0x2000 load address 0x000011a4
                0x20000058                . = ALIGN (0x8)
                0x20000058                _sstack = .
                0x20002058                . = (. + STACK_SIZE)
 *fill*         0x20000058     0x2000 
                0x20002058                . = ALIGN (0x8)
                0x20002058                _estack = .
                0x20002058                . = ALIGN (0x4)
                0x20002058                _end = .
OUTPUT(ledpwmble.elf elf32-littlearm)

.ARM.attributes
                0x00000000       0x28
 .ARM.attributes
                0x00000000       0x1e c:/program files (x86)/atmel/studio/7.0/toolchain/arm/arm-gnu-toolchain/bin/../lib/gcc/arm-none-eabi/6.3.1/thumb/v6-m/crti.o
 .ARM.attributes
                0x0000001e       0x2c c:/program files (x86)/atmel/studio/7.0/toolchain/arm/arm-gnu-toolchain/bin/../lib/gcc/arm-none-eabi/6.3.1/thumb/v6-m/crtbegin.o
 .ARM.attributes
                0x0000004a       0x32 src/ASF/common2/boards/user_board/init.o
 .ARM.attributes
                0x0000007c       0x32 src/ASF/common/utils/interrupt/interrupt_sam_nvic.o
 .ARM.attributes
                0x000000ae       0x32 src/ASF/sam0/drivers/port/port.o
 .ARM.attributes
                0x000000e0       0x32 src/ASF/sam0/drivers/system/clock/clock_samd21_r21_da_ha1/clock.o
 .ARM.attributes
                0x00000112       0x32 src/ASF/sam0/drivers/system/clock/clock_samd21_r21_da_ha1/gclk.o
 .ARM.attributes
                0x00000144       0x32 src/ASF/sam0/drivers/system/pinmux/pinmux.o
 .ARM.attributes
                0x00000176       0x32 src/ASF/sam0/drivers/system/system.o
 .ARM.attributes
                0x000001a8       0x32 src/ASF/sam0/drivers/tcc/tcc_callback.o
 .ARM.attributes
                0x000001da       0x32 src/ASF/sam0/utils/cmsis/samd21/source/gcc/startup_samd21.o
 .ARM.attributes
                0x0000020c       0x32 src/ledpwm.o
 .ARM.attributes
                0x0000023e       0x32 src/main.o
 .ARM.attributes
                0x00000270       0x2c c:/program files (x86)/atmel/studio/7.0/toolchain/arm/arm-gnu-toolchain/bin/../lib/gcc/arm-none-eabi/6.3.1/../../../../arm-none-eabi/lib/thumb/v6-m\libc_nano.a(lib_a-init.o)
 .ARM.attributes
                0x0000029c       0x1e c:/program files (x86)/atmel/studio/7.0/toolchain/arm/arm-gnu-toolchain/bin/../lib/gcc/arm-none-eabi/6.3.1/thumb/v6-m/crtn.o

.comment        0x00000000       0x59
 .comment       0x00000000       0x59 src/ASF/common2/boards/user_board/init.o
                                 0x5a (size before relaxing)
 .comment       0x00000059       0x5a src/ASF/common/utils/interrupt/interrupt_sam_nvic.o
 .comment       0x00000059       0x5a src/ASF/sam0/drivers/port/port.o
 .comment       0x00000059       0x5a src/ASF/sam0/drivers/system/clock/clock_samd21_r21_da_ha1/clock.o
 .comment       0x00000059       0x5a src/ASF/sam0/drivers/system/clock/clock_samd21_r21_da_ha1/gclk.o
 .comment       0x00000059       0x5a src/ASF/sam0/drivers/system/pinmux/pinmux.o
 .comment       0x00000059       0x5a src/ASF/sam0/drivers/system/system.o
 .comment       0x00000059       0x5a src/ASF/sam0/drivers/tcc/tcc_callback.o
 .comment       0x00000059       0x5a src/ASF/sam0/utils/cmsis/samd21/source/gcc/startup_samd21.o
 .comment       0x00000059       0x5a src/ledpwm.o
 .comment       0x00000059       0x5a src/main.o

.debug_info     0x00000000    0x16778
 .debug_info    0x00000000      0xa5d src/ASF/common2/boards/user_board/init.o
 .debug_info    0x00000a5d      0xb0c src/ASF/common/utils/interrupt/interrupt_sam_nvic.o
 .debug_info    0x00001569     0x127c src/ASF/sam0/drivers/port/port.o
 .debug_info    0x000027e5     0x36e4 src/ASF/sam0/drivers/system/clock/clock_samd21_r21_da_ha1/clock.o
 .debug_info    0x00005ec9     0x1d0b src/ASF/sam0/drivers/system/clock/clock_samd21_r21_da_ha1/gclk.o
 .debug_info    0x00007bd4     0x13be src/ASF/sam0/drivers/system/pinmux/pinmux.o
 .debug_info    0x00008f92      0xa74 src/ASF/sam0/drivers/system/system.o
 .debug_info    0x00009a06     0x30fd src/ASF/sam0/drivers/tcc/tcc_callback.o
 .debug_info    0x0000cb03     0x3a42 src/ASF/sam0/utils/cmsis/samd21/source/gcc/startup_samd21.o
 .debug_info    0x00010545     0x55a7 src/ledpwm.o
 .debug_info    0x00015aec      0xc8c src/main.o

.debug_abbrev   0x00000000     0x1cd8
 .debug_abbrev  0x00000000      0x1be src/ASF/common2/boards/user_board/init.o
 .debug_abbrev  0x000001be      0x22e src/ASF/common/utils/interrupt/interrupt_sam_nvic.o
 .debug_abbrev  0x000003ec      0x27b src/ASF/sam0/drivers/port/port.o
 .debug_abbrev  0x00000667      0x3ab src/ASF/sam0/drivers/system/clock/clock_samd21_r21_da_ha1/clock.o
 .debug_abbrev  0x00000a12      0x37a src/ASF/sam0/drivers/system/clock/clock_samd21_r21_da_ha1/gclk.o
 .debug_abbrev  0x00000d8c      0x2d7 src/ASF/sam0/drivers/system/pinmux/pinmux.o
 .debug_abbrev  0x00001063      0x1e1 src/ASF/sam0/drivers/system/system.o
 .debug_abbrev  0x00001244      0x359 src/ASF/sam0/drivers/tcc/tcc_callback.o
 .debug_abbrev  0x0000159d      0x227 src/ASF/sam0/utils/cmsis/samd21/source/gcc/startup_samd21.o
 .debug_abbrev  0x000017c4      0x2f8 src/ledpwm.o
 .debug_abbrev  0x00001abc      0x21c src/main.o

.debug_loc      0x00000000     0x1004
 .debug_loc     0x00000000       0x2c src/ASF/common2/boards/user_board/init.o
 .debug_loc     0x0000002c       0x64 src/ASF/common/utils/interrupt/interrupt_sam_nvic.o
 .debug_loc     0x00000090       0xa8 src/ASF/sam0/drivers/port/port.o
 .debug_loc     0x00000138      0x476 src/ASF/sam0/drivers/system/clock/clock_samd21_r21_da_ha1/clock.o
 .debug_loc     0x000005ae      0x388 src/ASF/sam0/drivers/system/clock/clock_samd21_r21_da_ha1/gclk.o
 .debug_loc     0x00000936      0x150 src/ASF/sam0/drivers/system/pinmux/pinmux.o
 .debug_loc     0x00000a86       0x58 src/ASF/sam0/drivers/system/system.o
 .debug_loc     0x00000ade      0x244 src/ASF/sam0/drivers/tcc/tcc_callback.o
 .debug_loc     0x00000d22       0x64 src/ASF/sam0/utils/cmsis/samd21/source/gcc/startup_samd21.o
 .debug_loc     0x00000d86      0x252 src/ledpwm.o
 .debug_loc     0x00000fd8       0x2c src/main.o

.debug_aranges  0x00000000      0x370
 .debug_aranges
                0x00000000       0x20 src/ASF/common2/boards/user_board/init.o
 .debug_aranges
                0x00000020       0x28 src/ASF/common/utils/interrupt/interrupt_sam_nvic.o
 .debug_aranges
                0x00000048       0x30 src/ASF/sam0/drivers/port/port.o
 .debug_aranges
                0x00000078       0xc0 src/ASF/sam0/drivers/system/clock/clock_samd21_r21_da_ha1/clock.o
 .debug_aranges
                0x00000138       0xa0 src/ASF/sam0/drivers/system/clock/clock_samd21_r21_da_ha1/gclk.o
 .debug_aranges
                0x000001d8       0x48 src/ASF/sam0/drivers/system/pinmux/pinmux.o
 .debug_aranges
                0x00000220       0x28 src/ASF/sam0/drivers/system/system.o
 .debug_aranges
                0x00000248       0x70 src/ASF/sam0/drivers/tcc/tcc_callback.o
 .debug_aranges
                0x000002b8       0x28 src/ASF/sam0/utils/cmsis/samd21/source/gcc/startup_samd21.o
 .debug_aranges
                0x000002e0       0x70 src/ledpwm.o
 .debug_aranges
                0x00000350       0x20 src/main.o

.debug_ranges   0x00000000      0x2c0
 .debug_ranges  0x00000000       0x10 src/ASF/common2/boards/user_board/init.o
 .debug_ranges  0x00000010       0x18 src/ASF/common/utils/interrupt/interrupt_sam_nvic.o
 .debug_ranges  0x00000028       0x20 src/ASF/sam0/drivers/port/port.o
 .debug_ranges  0x00000048       0xb0 src/ASF/sam0/drivers/system/clock/clock_samd21_r21_da_ha1/clock.o
 .debug_ranges  0x000000f8       0x90 src/ASF/sam0/drivers/system/clock/clock_samd21_r21_da_ha1/gclk.o
 .debug_ranges  0x00000188       0x38 src/ASF/sam0/drivers/system/pinmux/pinmux.o
 .debug_ranges  0x000001c0       0x18 src/ASF/sam0/drivers/system/system.o
 .debug_ranges  0x000001d8       0x60 src/ASF/sam0/drivers/tcc/tcc_callback.o
 .debug_ranges  0x00000238       0x18 src/ASF/sam0/utils/cmsis/samd21/source/gcc/startup_samd21.o
 .debug_ranges  0x00000250       0x60 src/ledpwm.o
 .debug_ranges  0x000002b0       0x10 src/main.o

.debug_macro    0x00000000    0x173d3
 .debug_macro   0x00000000      0x5ae src/ASF/common2/boards/user_board/init.o
 .debug_macro   0x000005ae      0x8b0 src/ASF/common2/boards/user_board/init.o
 .debug_macro   0x00000e5e      0x16d src/ASF/common2/boards/user_board/init.o
 .debug_macro   0x00000fcb      0x6d7 src/ASF/common2/boards/user_board/init.o
 .debug_macro   0x000016a2       0x22 src/ASF/common2/boards/user_board/init.o
 .debug_macro   0x000016c4       0x87 src/ASF/common2/boards/user_board/init.o
 .debug_macro   0x0000174b       0x51 src/ASF/common2/boards/user_board/init.o
 .debug_macro   0x0000179c       0xef src/ASF/common2/boards/user_board/init.o
 .debug_macro   0x0000188b       0x6a src/ASF/common2/boards/user_board/init.o
 .debug_macro   0x000018f5      0x1df src/ASF/common2/boards/user_board/init.o
 .debug_macro   0x00001ad4       0x10 src/ASF/common2/boards/user_board/init.o
 .debug_macro   0x00001ae4       0x76 src/ASF/common2/boards/user_board/init.o
 .debug_macro   0x00001b5a       0x16 src/ASF/common2/boards/user_board/init.o
 .debug_macro   0x00001b70      0x6db src/ASF/common2/boards/user_board/init.o
 .debug_macro   0x0000224b      0xdd8 src/ASF/common2/boards/user_board/init.o
 .debug_macro   0x00003023       0x22 src/ASF/common2/boards/user_board/init.o
 .debug_macro   0x00003045       0x40 src/ASF/common2/boards/user_board/init.o
 .debug_macro   0x00003085       0x3a src/ASF/common2/boards/user_board/init.o
 .debug_macro   0x000030bf       0x1f src/ASF/common2/boards/user_board/init.o
 .debug_macro   0x000030de      0x250 src/ASF/common2/boards/user_board/init.o
 .debug_macro   0x0000332e      0x681 src/ASF/common2/boards/user_board/init.o
 .debug_macro   0x000039af      0x8b5 src/ASF/common2/boards/user_board/init.o
 .debug_macro   0x00004264      0x230 src/ASF/common2/boards/user_board/init.o
 .debug_macro   0x00004494      0xd60 src/ASF/common2/boards/user_board/init.o
 .debug_macro   0x000051f4      0x4cb src/ASF/common2/boards/user_board/init.o
 .debug_macro   0x000056bf      0x9f8 src/ASF/common2/boards/user_board/init.o
 .debug_macro   0x000060b7      0x82b src/ASF/common2/boards/user_board/init.o
 .debug_macro   0x000068e2      0x455 src/ASF/common2/boards/user_board/init.o
 .debug_macro   0x00006d37       0x5e src/ASF/common2/boards/user_board/init.o
 .debug_macro   0x00006d95      0x8fd src/ASF/common2/boards/user_board/init.o
 .debug_macro   0x00007692      0x21c src/ASF/common2/boards/user_board/init.o
 .debug_macro   0x000078ae      0x95b src/ASF/common2/boards/user_board/init.o
 .debug_macro   0x00008209       0x5e src/ASF/common2/boards/user_board/init.o
 .debug_macro   0x00008267      0x667 src/ASF/common2/boards/user_board/init.o
 .debug_macro   0x000088ce      0x3af src/ASF/common2/boards/user_board/init.o
 .debug_macro   0x00008c7d      0xc7a src/ASF/common2/boards/user_board/init.o
 .debug_macro   0x000098f7     0x1092 src/ASF/common2/boards/user_board/init.o
 .debug_macro   0x0000a989      0xc4a src/ASF/common2/boards/user_board/init.o
 .debug_macro   0x0000b5d3      0x6ba src/ASF/common2/boards/user_board/init.o
 .debug_macro   0x0000bc8d     0x1bbf src/ASF/common2/boards/user_board/init.o
 .debug_macro   0x0000d84c     0x1440 src/ASF/common2/boards/user_board/init.o
 .debug_macro   0x0000ec8c      0x344 src/ASF/common2/boards/user_board/init.o
 .debug_macro   0x0000efd0       0x7c src/ASF/common2/boards/user_board/init.o
 .debug_macro   0x0000f04c       0xa0 src/ASF/common2/boards/user_board/init.o
 .debug_macro   0x0000f0ec       0x4c src/ASF/common2/boards/user_board/init.o
 .debug_macro   0x0000f138       0xca src/ASF/common2/boards/user_board/init.o
 .debug_macro   0x0000f202       0x94 src/ASF/common2/boards/user_board/init.o
 .debug_macro   0x0000f296       0x58 src/ASF/common2/boards/user_board/init.o
 .debug_macro   0x0000f2ee      0x37d src/ASF/common2/boards/user_board/init.o
 .debug_macro   0x0000f66b       0x82 src/ASF/common2/boards/user_board/init.o
 .debug_macro   0x0000f6ed      0x18d src/ASF/common2/boards/user_board/init.o
 .debug_macro   0x0000f87a       0xb8 src/ASF/common2/boards/user_board/init.o
 .debug_macro   0x0000f932       0xa0 src/ASF/common2/boards/user_board/init.o
 .debug_macro   0x0000f9d2       0xb8 src/ASF/common2/boards/user_board/init.o
 .debug_macro   0x0000fa8a       0x1c src/ASF/common2/boards/user_board/init.o
 .debug_macro   0x0000faa6       0x1c src/ASF/common2/boards/user_board/init.o
 .debug_macro   0x0000fac2       0x1c src/ASF/common2/boards/user_board/init.o
 .debug_macro   0x0000fade       0x82 src/ASF/common2/boards/user_board/init.o
 .debug_macro   0x0000fb60      0x15a src/ASF/common2/boards/user_board/init.o
 .debug_macro   0x0000fcba       0xdc src/ASF/common2/boards/user_board/init.o
 .debug_macro   0x0000fd96      0x128 src/ASF/common2/boards/user_board/init.o
 .debug_macro   0x0000febe      0x128 src/ASF/common2/boards/user_board/init.o
 .debug_macro   0x0000ffe6      0x128 src/ASF/common2/boards/user_board/init.o
 .debug_macro   0x0001010e      0x128 src/ASF/common2/boards/user_board/init.o
 .debug_macro   0x00010236      0x128 src/ASF/common2/boards/user_board/init.o
 .debug_macro   0x0001035e      0x128 src/ASF/common2/boards/user_board/init.o
 .debug_macro   0x00010486      0x124 src/ASF/common2/boards/user_board/init.o
 .debug_macro   0x000105aa       0xe2 src/ASF/common2/boards/user_board/init.o
 .debug_macro   0x0001068c       0xe2 src/ASF/common2/boards/user_board/init.o
 .debug_macro   0x0001076e       0xe2 src/ASF/common2/boards/user_board/init.o
 .debug_macro   0x00010850      0x130 src/ASF/common2/boards/user_board/init.o
 .debug_macro   0x00010980      0x106 src/ASF/common2/boards/user_board/init.o
 .debug_macro   0x00010a86       0xfa src/ASF/common2/boards/user_board/init.o
 .debug_macro   0x00010b80      0x40f src/ASF/common2/boards/user_board/init.o
 .debug_macro   0x00010f8f       0x40 src/ASF/common2/boards/user_board/init.o
 .debug_macro   0x00010fcf      0x361 src/ASF/common2/boards/user_board/init.o
 .debug_macro   0x00011330     0x16e3 src/ASF/common2/boards/user_board/init.o
 .debug_macro   0x00012a13       0x6d src/ASF/common2/boards/user_board/init.o
 .debug_macro   0x00012a80       0x58 src/ASF/common2/boards/user_board/init.o
 .debug_macro   0x00012ad8       0x35 src/ASF/common2/boards/user_board/init.o
 .debug_macro   0x00012b0d       0x9c src/ASF/common2/boards/user_board/init.o
 .debug_macro   0x00012ba9       0x16 src/ASF/common2/boards/user_board/init.o
 .debug_macro   0x00012bbf       0x35 src/ASF/common2/boards/user_board/init.o
 .debug_macro   0x00012bf4      0x353 src/ASF/common2/boards/user_board/init.o
 .debug_macro   0x00012f47       0x10 src/ASF/common2/boards/user_board/init.o
 .debug_macro   0x00012f57       0x58 src/ASF/common2/boards/user_board/init.o
 .debug_macro   0x00012faf       0x1f src/ASF/common2/boards/user_board/init.o
 .debug_macro   0x00012fce       0x43 src/ASF/common2/boards/user_board/init.o
 .debug_macro   0x00013011       0x20 src/ASF/common2/boards/user_board/init.o
 .debug_macro   0x00013031      0x187 src/ASF/common2/boards/user_board/init.o
 .debug_macro   0x000131b8       0x10 src/ASF/common2/boards/user_board/init.o
 .debug_macro   0x000131c8       0x1c src/ASF/common2/boards/user_board/init.o
 .debug_macro   0x000131e4       0x52 src/ASF/common2/boards/user_board/init.o
 .debug_macro   0x00013236       0x40 src/ASF/common2/boards/user_board/init.o
 .debug_macro   0x00013276       0x10 src/ASF/common2/boards/user_board/init.o
 .debug_macro   0x00013286       0x40 src/ASF/common2/boards/user_board/init.o
 .debug_macro   0x000132c6       0xd7 src/ASF/common2/boards/user_board/init.o
 .debug_macro   0x0001339d       0x16 src/ASF/common2/boards/user_board/init.o
 .debug_macro   0x000133b3      0x18b src/ASF/common2/boards/user_board/init.o
 .debug_macro   0x0001353e       0x16 src/ASF/common2/boards/user_board/init.o
 .debug_macro   0x00013554       0x16 src/ASF/common2/boards/user_board/init.o
 .debug_macro   0x0001356a       0x29 src/ASF/common2/boards/user_board/init.o
 .debug_macro   0x00013593       0x51 src/ASF/common2/boards/user_board/init.o
 .debug_macro   0x000135e4       0x3e src/ASF/common2/boards/user_board/init.o
 .debug_macro   0x00013622      0x3df src/ASF/common2/boards/user_board/init.o
 .debug_macro   0x00013a01      0x2c3 src/ASF/common2/boards/user_board/init.o
 .debug_macro   0x00013cc4       0x18 src/ASF/common2/boards/user_board/init.o
 .debug_macro   0x00013cdc       0x12 src/ASF/common2/boards/user_board/init.o
 .debug_macro   0x00013cee       0x11 src/ASF/common2/boards/user_board/init.o
 .debug_macro   0x00013cff       0x16 src/ASF/common2/boards/user_board/init.o
 .debug_macro   0x00013d15       0x2e src/ASF/common2/boards/user_board/init.o
 .debug_macro   0x00013d43       0x8f src/ASF/common2/boards/user_board/init.o
 .debug_macro   0x00013dd2      0x4fe src/ASF/common/utils/interrupt/interrupt_sam_nvic.o
 .debug_macro   0x000142d0      0x518 src/ASF/sam0/drivers/port/port.o
 .debug_macro   0x000147e8      0x56f src/ASF/sam0/drivers/system/clock/clock_samd21_r21_da_ha1/clock.o
 .debug_macro   0x00014d57      0x298 src/ASF/sam0/drivers/system/clock/clock_samd21_r21_da_ha1/clock.o
 .debug_macro   0x00014fef      0x534 src/ASF/sam0/drivers/system/clock/clock_samd21_r21_da_ha1/gclk.o
 .debug_macro   0x00015523      0x50e src/ASF/sam0/drivers/system/pinmux/pinmux.o
 .debug_macro   0x00015a31       0x12 src/ASF/sam0/drivers/system/pinmux/pinmux.o
 .debug_macro   0x00015a43      0x541 src/ASF/sam0/drivers/system/system.o
 .debug_macro   0x00015f84      0x578 src/ASF/sam0/drivers/tcc/tcc_callback.o
 .debug_macro   0x000164fc      0x2e5 src/ASF/sam0/utils/cmsis/samd21/source/gcc/startup_samd21.o
 .debug_macro   0x000167e1       0x3a src/ASF/sam0/utils/cmsis/samd21/source/gcc/startup_samd21.o
 .debug_macro   0x0001681b      0x5cf src/ledpwm.o
 .debug_macro   0x00016dea       0x28 src/ledpwm.o
 .debug_macro   0x00016e12      0x5c1 src/main.o

.debug_line     0x00000000     0x71ce
 .debug_line    0x00000000      0xb55 src/ASF/common2/boards/user_board/init.o
 .debug_line    0x00000b55      0x8c6 src/ASF/common/utils/interrupt/interrupt_sam_nvic.o
 .debug_line    0x0000141b      0x8f9 src/ASF/sam0/drivers/port/port.o
 .debug_line    0x00001d14      0xcac src/ASF/sam0/drivers/system/clock/clock_samd21_r21_da_ha1/clock.o
 .debug_line    0x000029c0      0xb9d src/ASF/sam0/drivers/system/clock/clock_samd21_r21_da_ha1/gclk.o
 .debug_line    0x0000355d      0x96b src/ASF/sam0/drivers/system/pinmux/pinmux.o
 .debug_line    0x00003ec8      0x9ea src/ASF/sam0/drivers/system/system.o
 .debug_line    0x000048b2      0xae9 src/ASF/sam0/drivers/tcc/tcc_callback.o
 .debug_line    0x0000539b      0x650 src/ASF/sam0/utils/cmsis/samd21/source/gcc/startup_samd21.o
 .debug_line    0x000059eb      0xc7b src/ledpwm.o
 .debug_line    0x00006666      0xb68 src/main.o

.debug_str      0x00000000    0x8667f
 .debug_str     0x00000000    0x803e7 src/ASF/common2/boards/user_board/init.o
                              0x80c7a (size before relaxing)
 .debug_str     0x000803e7       0x94 src/ASF/common/utils/interrupt/interrupt_sam_nvic.o
                              0x7fdb9 (size before relaxing)
 .debug_str     0x0008047b      0x3dc src/ASF/sam0/drivers/port/port.o
                              0x801e5 (size before relaxing)
 .debug_str     0x00080857     0x2e04 src/ASF/sam0/drivers/system/clock/clock_samd21_r21_da_ha1/clock.o
                              0x82f52 (size before relaxing)
 .debug_str     0x0008365b      0x283 src/ASF/sam0/drivers/system/clock/clock_samd21_r21_da_ha1/gclk.o
                              0x80a7c (size before relaxing)
 .debug_str     0x000838de      0x1c1 src/ASF/sam0/drivers/system/pinmux/pinmux.o
                              0x8025b (size before relaxing)
 .debug_str     0x00083a9f       0x47 src/ASF/sam0/drivers/system/system.o
                              0x7fe96 (size before relaxing)
 .debug_str     0x00083ae6     0x10ac src/ASF/sam0/drivers/tcc/tcc_callback.o
                              0x8172e (size before relaxing)
 .debug_str     0x00084b92      0xf2a src/ASF/sam0/utils/cmsis/samd21/source/gcc/startup_samd21.o
                              0x6b29f (size before relaxing)
 .debug_str     0x00085abc      0xbb5 src/ledpwm.o
                              0x82c13 (size before relaxing)
 .debug_str     0x00086671        0xe src/main.o
                              0x81202 (size before relaxing)

.debug_frame    0x00000000      0xa38
 .debug_frame   0x00000000       0x2c src/ASF/common2/boards/user_board/init.o
 .debug_frame   0x0000002c       0x4c src/ASF/common/utils/interrupt/interrupt_sam_nvic.o
 .debug_frame   0x00000078       0x70 src/ASF/sam0/drivers/port/port.o
 .debug_frame   0x000000e8      0x2a4 src/ASF/sam0/drivers/system/clock/clock_samd21_r21_da_ha1/clock.o
 .debug_frame   0x0000038c      0x220 src/ASF/sam0/drivers/system/clock/clock_samd21_r21_da_ha1/gclk.o
 .debug_frame   0x000005ac       0xd0 src/ASF/sam0/drivers/system/pinmux/pinmux.o
 .debug_frame   0x0000067c       0x48 src/ASF/sam0/drivers/system/system.o
 .debug_frame   0x000006c4      0x164 src/ASF/sam0/drivers/tcc/tcc_callback.o
 .debug_frame   0x00000828       0x4c src/ASF/sam0/utils/cmsis/samd21/source/gcc/startup_samd21.o
 .debug_frame   0x00000874      0x16c src/ledpwm.o
 .debug_frame   0x000009e0       0x2c src/main.o
 .debug_frame   0x00000a0c       0x2c c:/program files (x86)/atmel/studio/7.0/toolchain/arm/arm-gnu-toolchain/bin/../lib/gcc/arm-none-eabi/6.3.1/../../../../arm-none-eabi/lib/thumb/v6-m\libc_nano.a(lib_a-init.o)

Cross Reference Table

Symbol                                            File
AC_Handler                                        src/ASF/sam0/utils/cmsis/samd21/source/gcc/startup_samd21.o
ADC_Handler                                       src/ASF/sam0/utils/cmsis/samd21/source/gcc/startup_samd21.o
DAC_Handler                                       src/ASF/sam0/utils/cmsis/samd21/source/gcc/startup_samd21.o
DMAC_Handler                                      src/ASF/sam0/utils/cmsis/samd21/source/gcc/startup_samd21.o
Dummy_Handler                                     src/ASF/sam0/utils/cmsis/samd21/source/gcc/startup_samd21.o
EIC_Handler                                       src/ASF/sam0/utils/cmsis/samd21/source/gcc/startup_samd21.o
EVSYS_Handler                                     src/ASF/sam0/utils/cmsis/samd21/source/gcc/startup_samd21.o
HardFault_Handler                                 src/ASF/sam0/utils/cmsis/samd21/source/gcc/startup_samd21.o
I2S_Handler                                       src/ASF/sam0/utils/cmsis/samd21/source/gcc/startup_samd21.o
NMI_Handler                                       src/ASF/sam0/utils/cmsis/samd21/source/gcc/startup_samd21.o
NVMCTRL_Handler                                   src/ASF/sam0/utils/cmsis/samd21/source/gcc/startup_samd21.o
PM_Handler                                        src/ASF/sam0/utils/cmsis/samd21/source/gcc/startup_samd21.o
PTC_Handler                                       src/ASF/sam0/utils/cmsis/samd21/source/gcc/startup_samd21.o
PendSV_Handler                                    src/ASF/sam0/utils/cmsis/samd21/source/gcc/startup_samd21.o
RTC_Handler                                       src/ASF/sam0/utils/cmsis/samd21/source/gcc/startup_samd21.o
Reset_Handler                                     src/ASF/sam0/utils/cmsis/samd21/source/gcc/startup_samd21.o
SERCOM0_Handler                                   src/ASF/sam0/utils/cmsis/samd21/source/gcc/startup_samd21.o
SERCOM1_Handler                                   src/ASF/sam0/utils/cmsis/samd21/source/gcc/startup_samd21.o
SERCOM2_Handler                                   src/ASF/sam0/utils/cmsis/samd21/source/gcc/startup_samd21.o
SERCOM3_Handler                                   src/ASF/sam0/utils/cmsis/samd21/source/gcc/startup_samd21.o
SERCOM4_Handler                                   src/ASF/sam0/utils/cmsis/samd21/source/gcc/startup_samd21.o
SERCOM5_Handler                                   src/ASF/sam0/utils/cmsis/samd21/source/gcc/startup_samd21.o
SVC_Handler                                       src/ASF/sam0/utils/cmsis/samd21/source/gcc/startup_samd21.o
SYSCTRL_Handler                                   src/ASF/sam0/utils/cmsis/samd21/source/gcc/startup_samd21.o
SysTick_Handler                                   src/ASF/sam0/utils/cmsis/samd21/source/gcc/startup_samd21.o
SystemCoreClock                                   src/ASF/sam0/utils/cmsis/samd21/source/system_samd21.o
SystemCoreClockUpdate                             src/ASF/sam0/utils/cmsis/samd21/source/system_samd21.o
SystemInit                                        src/ASF/sam0/utils/cmsis/samd21/source/system_samd21.o
TC3_Handler                                       src/ledpwm.o
                                                  src/ASF/sam0/utils/cmsis/samd21/source/gcc/startup_samd21.o
TC4_Handler                                       src/ASF/sam0/utils/cmsis/samd21/source/gcc/startup_samd21.o
TC5_Handler                                       src/ASF/sam0/utils/cmsis/samd21/source/gcc/startup_samd21.o
TCC0_Handler                                      src/ASF/sam0/drivers/tcc/tcc_callback.o
TCC1_Handler                                      src/ASF/sam0/drivers/tcc/tcc_callback.o
TCC2_Handler                                      src/ASF/sam0/drivers/tcc/tcc_callback.o
USB_Handler                                       src/ASF/sam0/utils/cmsis/samd21/source/gcc/startup_samd21.o
WDT_Handler                                       src/ASF/sam0/utils/cmsis/samd21/source/gcc/startup_samd21.o
_Jv_RegisterClasses                               c:/program files (x86)/atmel/studio/7.0/toolchain/arm/arm-gnu-toolchain/bin/../lib/gcc/arm-none-eabi/6.3.1/thumb/v6-m/crtbegin.o
__aeabi_idiv0                                     c:/program files (x86)/atmel/studio/7.0/toolchain/arm/arm-gnu-toolchain/bin/../lib/gcc/arm-none-eabi/6.3.1/thumb/v6-m\libgcc.a(_dvmd_tls.o)
                                                  c:/program files (x86)/atmel/studio/7.0/toolchain/arm/arm-gnu-toolchain/bin/../lib/gcc/arm-none-eabi/6.3.1/thumb/v6-m\libgcc.a(_udivsi3.o)
__aeabi_ldiv0                                     c:/program files (x86)/atmel/studio/7.0/toolchain/arm/arm-gnu-toolchain/bin/../lib/gcc/arm-none-eabi/6.3.1/thumb/v6-m\libgcc.a(_dvmd_tls.o)
__aeabi_uidiv                                     c:/program files (x86)/atmel/studio/7.0/toolchain/arm/arm-gnu-toolchain/bin/../lib/gcc/arm-none-eabi/6.3.1/thumb/v6-m\libgcc.a(_udivsi3.o)
                                                  src/ASF/sam0/drivers/system/clock/clock_samd21_r21_da_ha1/gclk.o
                                                  src/ASF/sam0/drivers/system/clock/clock_samd21_r21_da_ha1/clock.o
__aeabi_uidivmod                                  c:/program files (x86)/atmel/studio/7.0/toolchain/arm/arm-gnu-toolchain/bin/../lib/gcc/arm-none-eabi/6.3.1/thumb/v6-m\libgcc.a(_udivsi3.o)
__bss_end__                                       c:/program files (x86)/atmel/studio/7.0/toolchain/arm/arm-gnu-toolchain/bin/../lib/gcc/arm-none-eabi/6.3.1/../../../../arm-none-eabi/lib/thumb/v6-m/crt0.o
__bss_start__                                     c:/program files (x86)/atmel/studio/7.0/toolchain/arm/arm-gnu-toolchain/bin/../lib/gcc/arm-none-eabi/6.3.1/../../../../arm-none-eabi/lib/thumb/v6-m/crt0.o
__call_exitprocs                                  c:/program files (x86)/atmel/studio/7.0/toolchain/arm/arm-gnu-toolchain/bin/../lib/gcc/arm-none-eabi/6.3.1/../../../../arm-none-eabi/lib/thumb/v6-m\libc_nano.a(lib_a-exit.o)
__deregister_frame_info                           c:/program files (x86)/atmel/studio/7.0/toolchain/arm/arm-gnu-toolchain/bin/../lib/gcc/arm-none-eabi/6.3.1/thumb/v6-m/crtbegin.o
__dso_handle                                      c:/program files (x86)/atmel/studio/7.0/toolchain/arm/arm-gnu-toolchain/bin/../lib/gcc/arm-none-eabi/6.3.1/thumb/v6-m/crtbegin.o
__init_array_end                                  c:/program files (x86)/atmel/studio/7.0/toolchain/arm/arm-gnu-toolchain/bin/../lib/gcc/arm-none-eabi/6.3.1/../../../../arm-none-eabi/lib/thumb/v6-m\libc_nano.a(lib_a-init.o)
__init_array_start                                c:/program files (x86)/atmel/studio/7.0/toolchain/arm/arm-gnu-toolchain/bin/../lib/gcc/arm-none-eabi/6.3.1/../../../../arm-none-eabi/lib/thumb/v6-m\libc_nano.a(lib_a-init.o)
__libc_fini_array                                 c:/program files (x86)/atmel/studio/7.0/toolchain/arm/arm-gnu-toolchain/bin/../lib/gcc/arm-none-eabi/6.3.1/../../../../arm-none-eabi/lib/thumb/v6-m/crt0.o
__libc_init_array                                 c:/program files (x86)/atmel/studio/7.0/toolchain/arm/arm-gnu-toolchain/bin/../lib/gcc/arm-none-eabi/6.3.1/../../../../arm-none-eabi/lib/thumb/v6-m\libc_nano.a(lib_a-init.o)
                                                  src/ASF/sam0/utils/cmsis/samd21/source/gcc/startup_samd21.o
                                                  c:/program files (x86)/atmel/studio/7.0/toolchain/arm/arm-gnu-toolchain/bin/../lib/gcc/arm-none-eabi/6.3.1/../../../../arm-none-eabi/lib/thumb/v6-m/crt0.o
__preinit_array_end                               c:/program files (x86)/atmel/studio/7.0/toolchain/arm/arm-gnu-toolchain/bin/../lib/gcc/arm-none-eabi/6.3.1/../../../../arm-none-eabi/lib/thumb/v6-m\libc_nano.a(lib_a-init.o)
__preinit_array_start                             c:/program files (x86)/atmel/studio/7.0/toolchain/arm/arm-gnu-toolchain/bin/../lib/gcc/arm-none-eabi/6.3.1/../../../../arm-none-eabi/lib/thumb/v6-m\libc_nano.a(lib_a-init.o)
__register_frame_info                             c:/program files (x86)/atmel/studio/7.0/toolchain/arm/arm-gnu-toolchain/bin/../lib/gcc/arm-none-eabi/6.3.1/thumb/v6-m/crtbegin.o
__sf_fake_stderr                                  c:/program files (x86)/atmel/studio/7.0/toolchain/arm/arm-gnu-toolchain/bin/../lib/gcc/arm-none-eabi/6.3.1/../../../../arm-none-eabi/lib/thumb/v6-m\libc_nano.a(lib_a-impure.o)
__sf_fake_stdin                                   c:/program files (x86)/atmel/studio/7.0/toolchain/arm/arm-gnu-toolchain/bin/../lib/gcc/arm-none-eabi/6.3.1/../../../../arm-none-eabi/lib/thumb/v6-m\libc_nano.a(lib_a-impure.o)
__sf_fake_stdout                                  c:/program files (x86)/atmel/studio/7.0/toolchain/arm/arm-gnu-toolchain/bin/../lib/gcc/arm-none-eabi/6.3.1/../../../../arm-none-eabi/lib/thumb/v6-m\libc_nano.a(lib_a-impure.o)
__stack                                           c:/program files (x86)/atmel/studio/7.0/toolchain/arm/arm-gnu-toolchain/bin/../lib/gcc/arm-none-eabi/6.3.1/../../../../arm-none-eabi/lib/thumb/v6-m/crt0.o
__udivsi3                                         c:/program files (x86)/atmel/studio/7.0/toolchain/arm/arm-gnu-toolchain/bin/../lib/gcc/arm-none-eabi/6.3.1/thumb/v6-m\libgcc.a(_udivsi3.o)
_close                                            src/ASF/sam0/utils/syscalls/gcc/syscalls.o
_end                                              src/ASF/sam0/utils/syscalls/gcc/syscalls.o
_erelocate                                        src/ASF/sam0/utils/cmsis/samd21/source/gcc/startup_samd21.o
_estack                                           src/ASF/sam0/utils/cmsis/samd21/source/gcc/startup_samd21.o
_etext                                            src/ASF/sam0/utils/cmsis/samd21/source/gcc/startup_samd21.o
_exit                                             src/ASF/sam0/utils/syscalls/gcc/syscalls.o
                                                  c:/program files (x86)/atmel/studio/7.0/toolchain/arm/arm-gnu-toolchain/bin/../lib/gcc/arm-none-eabi/6.3.1/../../../../arm-none-eabi/lib/thumb/v6-m\libc_nano.a(lib_a-exit.o)
_ezero                                            src/ASF/sam0/utils/cmsis/samd21/source/gcc/startup_samd21.o
_fini                                             c:/program files (x86)/atmel/studio/7.0/toolchain/arm/arm-gnu-toolchain/bin/../lib/gcc/arm-none-eabi/6.3.1/thumb/v6-m/crti.o
_fstat                                            src/ASF/sam0/utils/syscalls/gcc/syscalls.o
_getpid                                           src/ASF/sam0/utils/syscalls/gcc/syscalls.o
_global_impure_ptr                                c:/program files (x86)/atmel/studio/7.0/toolchain/arm/arm-gnu-toolchain/bin/../lib/gcc/arm-none-eabi/6.3.1/../../../../arm-none-eabi/lib/thumb/v6-m\libc_nano.a(lib_a-impure.o)
                                                  c:/program files (x86)/atmel/studio/7.0/toolchain/arm/arm-gnu-toolchain/bin/../lib/gcc/arm-none-eabi/6.3.1/../../../../arm-none-eabi/lib/thumb/v6-m\libc_nano.a(lib_a-exit.o)
_impure_ptr                                       c:/program files (x86)/atmel/studio/7.0/toolchain/arm/arm-gnu-toolchain/bin/../lib/gcc/arm-none-eabi/6.3.1/../../../../arm-none-eabi/lib/thumb/v6-m\libc_nano.a(lib_a-impure.o)
_init                                             c:/program files (x86)/atmel/studio/7.0/toolchain/arm/arm-gnu-toolchain/bin/../lib/gcc/arm-none-eabi/6.3.1/thumb/v6-m/crti.o
                                                  c:/program files (x86)/atmel/studio/7.0/toolchain/arm/arm-gnu-toolchain/bin/../lib/gcc/arm-none-eabi/6.3.1/../../../../arm-none-eabi/lib/thumb/v6-m\libc_nano.a(lib_a-init.o)
_isatty                                           src/ASF/sam0/utils/syscalls/gcc/syscalls.o
_kill                                             src/ASF/sam0/utils/syscalls/gcc/syscalls.o
_lseek                                            src/ASF/sam0/utils/syscalls/gcc/syscalls.o
_mainCRTStartup                                   c:/program files (x86)/atmel/studio/7.0/toolchain/arm/arm-gnu-toolchain/bin/../lib/gcc/arm-none-eabi/6.3.1/../../../../arm-none-eabi/lib/thumb/v6-m/crt0.o
_sbrk                                             src/ASF/sam0/utils/syscalls/gcc/syscalls.o
_sfixed                                           src/ASF/sam0/utils/cmsis/samd21/source/gcc/startup_samd21.o
_srelocate                                        src/ASF/sam0/utils/cmsis/samd21/source/gcc/startup_samd21.o
_start                                            c:/program files (x86)/atmel/studio/7.0/toolchain/arm/arm-gnu-toolchain/bin/../lib/gcc/arm-none-eabi/6.3.1/../../../../arm-none-eabi/lib/thumb/v6-m/crt0.o
_system_divas_init                                src/ASF/sam0/drivers/system/system.o
_system_dummy_init                                src/ASF/sam0/drivers/system/system.o
_system_events_init                               src/ASF/sam0/drivers/system/system.o
_system_extint_init                               src/ASF/sam0/drivers/system/system.o
_szero                                            src/ASF/sam0/utils/cmsis/samd21/source/gcc/startup_samd21.o
_tcc_apbcmasks                                    src/ASF/sam0/drivers/tcc/tcc.o
_tcc_cc_nums                                      src/ASF/sam0/drivers/tcc/tcc.o
_tcc_exts                                         src/ASF/sam0/drivers/tcc/tcc.o
_tcc_gclk_ids                                     src/ASF/sam0/drivers/tcc/tcc.o
_tcc_get_inst_index                               src/ASF/sam0/drivers/tcc/tcc.o
                                                  src/ASF/sam0/drivers/tcc/tcc_callback.o
_tcc_instances                                    src/ASF/sam0/drivers/tcc/tcc_callback.o
                                                  src/ASF/sam0/drivers/tcc/tcc.o
_tcc_interrupt_handler                            src/ASF/sam0/drivers/tcc/tcc_callback.o
_tcc_intflag                                      src/ASF/sam0/drivers/tcc/tcc_callback.o
_tcc_maxs                                         src/ASF/sam0/drivers/tcc/tcc.o
_tcc_ow_nums                                      src/ASF/sam0/drivers/tcc/tcc.o
_tcc_sizes                                        src/ASF/sam0/drivers/tcc/tcc.o
atexit                                            c:/program files (x86)/atmel/studio/7.0/toolchain/arm/arm-gnu-toolchain/bin/../lib/gcc/arm-none-eabi/6.3.1/../../../../arm-none-eabi/lib/thumb/v6-m/crt0.o
board_init                                        src/ASF/common2/boards/user_board/init.o
configure_tcc                                     src/ledpwm.o
cpu_irq_enter_critical                            src/ASF/common/utils/interrupt/interrupt_sam_nvic.o
                                                  src/ASF/sam0/drivers/system/clock/clock_samd21_r21_da_ha1/gclk.o
cpu_irq_leave_critical                            src/ASF/common/utils/interrupt/interrupt_sam_nvic.o
                                                  src/ASF/sam0/drivers/system/clock/clock_samd21_r21_da_ha1/gclk.o
exception_table                                   src/ASF/sam0/utils/cmsis/samd21/source/gcc/startup_samd21.o
exit                                              c:/program files (x86)/atmel/studio/7.0/toolchain/arm/arm-gnu-toolchain/bin/../lib/gcc/arm-none-eabi/6.3.1/../../../../arm-none-eabi/lib/thumb/v6-m\libc_nano.a(lib_a-exit.o)
                                                  c:/program files (x86)/atmel/studio/7.0/toolchain/arm/arm-gnu-toolchain/bin/../lib/gcc/arm-none-eabi/6.3.1/../../../../arm-none-eabi/lib/thumb/v6-m/crt0.o
g_interrupt_enabled                               src/ASF/common/utils/interrupt/interrupt_sam_nvic.o
hardware_init_hook                                c:/program files (x86)/atmel/studio/7.0/toolchain/arm/arm-gnu-toolchain/bin/../lib/gcc/arm-none-eabi/6.3.1/../../../../arm-none-eabi/lib/thumb/v6-m/crt0.o
init_TC3                                          src/ledpwm.o
                                                  src/main.o
led_pwm_init                                      src/ledpwm.o
                                                  src/main.o
link                                              src/ASF/sam0/utils/syscalls/gcc/syscalls.o
main                                              src/main.o
                                                  src/ASF/sam0/utils/cmsis/samd21/source/gcc/startup_samd21.o
                                                  c:/program files (x86)/atmel/studio/7.0/toolchain/arm/arm-gnu-toolchain/bin/../lib/gcc/arm-none-eabi/6.3.1/../../../../arm-none-eabi/lib/thumb/v6-m/crt0.o
memset                                            c:/program files (x86)/atmel/studio/7.0/toolchain/arm/arm-gnu-toolchain/bin/../lib/gcc/arm-none-eabi/6.3.1/../../../../arm-none-eabi/lib/thumb/v6-m\libc_nano.a(lib_a-memset.o)
                                                  c:/program files (x86)/atmel/studio/7.0/toolchain/arm/arm-gnu-toolchain/bin/../lib/gcc/arm-none-eabi/6.3.1/../../../../arm-none-eabi/lib/thumb/v6-m/crt0.o
port_group_set_config                             src/ASF/sam0/drivers/port/port.o
port_pin_set_config                               src/ASF/sam0/drivers/port/port.o
                                                  src/ledpwm.o
pwm_count                                         src/main.o
                                                  src/ledpwm.o
software_init_hook                                c:/program files (x86)/atmel/studio/7.0/toolchain/arm/arm-gnu-toolchain/bin/../lib/gcc/arm-none-eabi/6.3.1/../../../../arm-none-eabi/lib/thumb/v6-m/crt0.o
system_board_init                                 src/ASF/common2/boards/user_board/init.o
system_clock_init                                 src/ASF/sam0/drivers/system/clock/clock_samd21_r21_da_ha1/clock.o
system_clock_source_dfll_set_config               src/ASF/sam0/drivers/system/clock/clock_samd21_r21_da_ha1/clock.o
system_clock_source_disable                       src/ASF/sam0/drivers/system/clock/clock_samd21_r21_da_ha1/clock.o
system_clock_source_dpll_set_config               src/ASF/sam0/drivers/system/clock/clock_samd21_r21_da_ha1/clock.o
system_clock_source_enable                        src/ASF/sam0/drivers/system/clock/clock_samd21_r21_da_ha1/clock.o
system_clock_source_get_hz                        src/ASF/sam0/drivers/system/clock/clock_samd21_r21_da_ha1/clock.o
                                                  src/ASF/sam0/drivers/system/clock/clock_samd21_r21_da_ha1/gclk.o
system_clock_source_is_ready                      src/ASF/sam0/drivers/system/clock/clock_samd21_r21_da_ha1/clock.o
system_clock_source_osc32k_set_config             src/ASF/sam0/drivers/system/clock/clock_samd21_r21_da_ha1/clock.o
system_clock_source_osc8m_set_config              src/ASF/sam0/drivers/system/clock/clock_samd21_r21_da_ha1/clock.o
system_clock_source_write_calibration             src/ASF/sam0/drivers/system/clock/clock_samd21_r21_da_ha1/clock.o
system_clock_source_xosc32k_set_config            src/ASF/sam0/drivers/system/clock/clock_samd21_r21_da_ha1/clock.o
system_clock_source_xosc_set_config               src/ASF/sam0/drivers/system/clock/clock_samd21_r21_da_ha1/clock.o
system_gclk_chan_disable                          src/ASF/sam0/drivers/system/clock/clock_samd21_r21_da_ha1/gclk.o
system_gclk_chan_enable                           src/ASF/sam0/drivers/system/clock/clock_samd21_r21_da_ha1/gclk.o
                                                  src/ASF/sam0/drivers/tcc/tcc.o
system_gclk_chan_get_hz                           src/ASF/sam0/drivers/system/clock/clock_samd21_r21_da_ha1/gclk.o
                                                  src/ASF/sam0/drivers/system/clock/clock_samd21_r21_da_ha1/clock.o
system_gclk_chan_is_enabled                       src/ASF/sam0/drivers/system/clock/clock_samd21_r21_da_ha1/gclk.o
system_gclk_chan_is_locked                        src/ASF/sam0/drivers/system/clock/clock_samd21_r21_da_ha1/gclk.o
system_gclk_chan_lock                             src/ASF/sam0/drivers/system/clock/clock_samd21_r21_da_ha1/gclk.o
system_gclk_chan_set_config                       src/ASF/sam0/drivers/system/clock/clock_samd21_r21_da_ha1/gclk.o
                                                  src/ASF/sam0/drivers/tcc/tcc.o
                                                  src/ASF/sam0/drivers/system/clock/clock_samd21_r21_da_ha1/clock.o
system_gclk_gen_disable                           src/ASF/sam0/drivers/system/clock/clock_samd21_r21_da_ha1/gclk.o
system_gclk_gen_enable                            src/ASF/sam0/drivers/system/clock/clock_samd21_r21_da_ha1/gclk.o
                                                  src/ASF/sam0/drivers/system/clock/clock_samd21_r21_da_ha1/clock.o
system_gclk_gen_get_hz                            src/ASF/sam0/drivers/system/clock/clock_samd21_r21_da_ha1/gclk.o
system_gclk_gen_is_enabled                        src/ASF/sam0/drivers/system/clock/clock_samd21_r21_da_ha1/gclk.o
system_gclk_gen_set_config                        src/ASF/sam0/drivers/system/clock/clock_samd21_r21_da_ha1/gclk.o
                                                  src/ASF/sam0/drivers/system/clock/clock_samd21_r21_da_ha1/clock.o
system_gclk_init                                  src/ASF/sam0/drivers/system/clock/clock_samd21_r21_da_ha1/gclk.o
                                                  src/ASF/sam0/drivers/system/clock/clock_samd21_r21_da_ha1/clock.o
system_init                                       src/ASF/sam0/drivers/system/system.o
                                                  src/main.o
system_interrupt_clear_pending                    src/ASF/sam0/drivers/system/interrupt/system_interrupt.o
system_interrupt_get_priority                     src/ASF/sam0/drivers/system/interrupt/system_interrupt.o
system_interrupt_is_pending                       src/ASF/sam0/drivers/system/interrupt/system_interrupt.o
system_interrupt_set_pending                      src/ASF/sam0/drivers/system/interrupt/system_interrupt.o
system_interrupt_set_priority                     src/ASF/sam0/drivers/system/interrupt/system_interrupt.o
system_pinmux_group_set_config                    src/ASF/sam0/drivers/system/pinmux/pinmux.o
                                                  src/ASF/sam0/drivers/port/port.o
system_pinmux_group_set_input_sample_mode         src/ASF/sam0/drivers/system/pinmux/pinmux.o
system_pinmux_group_set_output_strength           src/ASF/sam0/drivers/system/pinmux/pinmux.o
system_pinmux_pin_set_config                      src/ASF/sam0/drivers/system/pinmux/pinmux.o
                                                  src/ASF/sam0/drivers/tcc/tcc.o
                                                  src/ASF/sam0/drivers/port/port.o
tcc_clear_status                                  src/ASF/sam0/drivers/tcc/tcc.o
tcc_disable_callback                              src/ASF/sam0/drivers/tcc/tcc_callback.o
tcc_disable_circular_buffer_compare               src/ASF/sam0/drivers/tcc/tcc.o
tcc_disable_events                                src/ASF/sam0/drivers/tcc/tcc.o
tcc_enable_callback                               src/ASF/sam0/drivers/tcc/tcc_callback.o
tcc_enable_circular_buffer_compare                src/ASF/sam0/drivers/tcc/tcc.o
tcc_enable_events                                 src/ASF/sam0/drivers/tcc/tcc.o
tcc_get_capture_value                             src/ASF/sam0/drivers/tcc/tcc.o
tcc_get_config_defaults                           src/ASF/sam0/drivers/tcc/tcc.o
                                                  src/ledpwm.o
tcc_get_count_value                               src/ASF/sam0/drivers/tcc/tcc.o
tcc_get_status                                    src/ASF/sam0/drivers/tcc/tcc.o
tcc_init                                          src/ASF/sam0/drivers/tcc/tcc.o
                                                  src/ledpwm.o
tcc_instance                                      src/ledpwm.o
tcc_modules                                       src/ASF/sam0/drivers/tcc/tcc.o
tcc_register_callback                             src/ASF/sam0/drivers/tcc/tcc_callback.o
tcc_set_compare_value                             src/ASF/sam0/drivers/tcc/tcc.o
tcc_set_count_value                               src/ASF/sam0/drivers/tcc/tcc.o
tcc_set_double_buffer_compare_values              src/ASF/sam0/drivers/tcc/tcc.o
tcc_set_double_buffer_top_values                  src/ASF/sam0/drivers/tcc/tcc.o
tcc_set_pattern                                   src/ASF/sam0/drivers/tcc/tcc.o
tcc_set_top_value                                 src/ASF/sam0/drivers/tcc/tcc.o
tcc_unregister_callback                           src/ASF/sam0/drivers/tcc/tcc_callback.o
